Archive member included to satisfy reference by file (symbol)

c:/program files (x86)/atollic/truestudio for stm32 9.0.1/armtools/bin/../lib/gcc/arm-atollic-eabi/6.3.1/../../../../arm-atollic-eabi/lib/armv7-m\libc_nano.a(lib_a-init.o)
                              src\startup_stm32f10x_md_vl.o (__libc_init_array)
c:/program files (x86)/atollic/truestudio for stm32 9.0.1/armtools/bin/../lib/gcc/arm-atollic-eabi/6.3.1/../../../../arm-atollic-eabi/lib/armv7-m\libc_nano.a(lib_a-memcpy-stub.o)
                              FreeRTOS_Source\queue.o (memcpy)
c:/program files (x86)/atollic/truestudio for stm32 9.0.1/armtools/bin/../lib/gcc/arm-atollic-eabi/6.3.1/../../../../arm-atollic-eabi/lib/armv7-m\libc_nano.a(lib_a-memset.o)
                              FreeRTOS_Source\tasks.o (memset)
c:/program files (x86)/atollic/truestudio for stm32 9.0.1/armtools/bin/../lib/gcc/arm-atollic-eabi/6.3.1/../../../../arm-atollic-eabi/lib/armv7-m\libm.a(lib_a-w_sqrt.o)
                              src\attitude_estimation\MadgwickAHRS.o (sqrt)
c:/program files (x86)/atollic/truestudio for stm32 9.0.1/armtools/bin/../lib/gcc/arm-atollic-eabi/6.3.1/../../../../arm-atollic-eabi/lib/armv7-m\libm.a(lib_a-wf_asin.o)
                              src\attitude_estimation\MadgwickAHRS.o (asinf)
c:/program files (x86)/atollic/truestudio for stm32 9.0.1/armtools/bin/../lib/gcc/arm-atollic-eabi/6.3.1/../../../../arm-atollic-eabi/lib/armv7-m\libm.a(lib_a-wf_atan2.o)
                              src\attitude_estimation\MadgwickAHRS.o (atan2f)
c:/program files (x86)/atollic/truestudio for stm32 9.0.1/armtools/bin/../lib/gcc/arm-atollic-eabi/6.3.1/../../../../arm-atollic-eabi/lib/armv7-m\libm.a(lib_a-e_sqrt.o)
                              c:/program files (x86)/atollic/truestudio for stm32 9.0.1/armtools/bin/../lib/gcc/arm-atollic-eabi/6.3.1/../../../../arm-atollic-eabi/lib/armv7-m\libm.a(lib_a-w_sqrt.o) (__ieee754_sqrt)
c:/program files (x86)/atollic/truestudio for stm32 9.0.1/armtools/bin/../lib/gcc/arm-atollic-eabi/6.3.1/../../../../arm-atollic-eabi/lib/armv7-m\libm.a(lib_a-ef_asin.o)
                              c:/program files (x86)/atollic/truestudio for stm32 9.0.1/armtools/bin/../lib/gcc/arm-atollic-eabi/6.3.1/../../../../arm-atollic-eabi/lib/armv7-m\libm.a(lib_a-wf_asin.o) (__ieee754_asinf)
c:/program files (x86)/atollic/truestudio for stm32 9.0.1/armtools/bin/../lib/gcc/arm-atollic-eabi/6.3.1/../../../../arm-atollic-eabi/lib/armv7-m\libm.a(lib_a-ef_atan2.o)
                              c:/program files (x86)/atollic/truestudio for stm32 9.0.1/armtools/bin/../lib/gcc/arm-atollic-eabi/6.3.1/../../../../arm-atollic-eabi/lib/armv7-m\libm.a(lib_a-wf_atan2.o) (__ieee754_atan2f)
c:/program files (x86)/atollic/truestudio for stm32 9.0.1/armtools/bin/../lib/gcc/arm-atollic-eabi/6.3.1/../../../../arm-atollic-eabi/lib/armv7-m\libm.a(lib_a-ef_sqrt.o)
                              c:/program files (x86)/atollic/truestudio for stm32 9.0.1/armtools/bin/../lib/gcc/arm-atollic-eabi/6.3.1/../../../../arm-atollic-eabi/lib/armv7-m\libm.a(lib_a-ef_asin.o) (__ieee754_sqrtf)
c:/program files (x86)/atollic/truestudio for stm32 9.0.1/armtools/bin/../lib/gcc/arm-atollic-eabi/6.3.1/../../../../arm-atollic-eabi/lib/armv7-m\libm.a(lib_a-s_lib_ver.o)
                              c:/program files (x86)/atollic/truestudio for stm32 9.0.1/armtools/bin/../lib/gcc/arm-atollic-eabi/6.3.1/../../../../arm-atollic-eabi/lib/armv7-m\libm.a(lib_a-w_sqrt.o) (__fdlib_version)
c:/program files (x86)/atollic/truestudio for stm32 9.0.1/armtools/bin/../lib/gcc/arm-atollic-eabi/6.3.1/../../../../arm-atollic-eabi/lib/armv7-m\libm.a(lib_a-s_matherr.o)
                              c:/program files (x86)/atollic/truestudio for stm32 9.0.1/armtools/bin/../lib/gcc/arm-atollic-eabi/6.3.1/../../../../arm-atollic-eabi/lib/armv7-m\libm.a(lib_a-w_sqrt.o) (matherr)
c:/program files (x86)/atollic/truestudio for stm32 9.0.1/armtools/bin/../lib/gcc/arm-atollic-eabi/6.3.1/../../../../arm-atollic-eabi/lib/armv7-m\libm.a(lib_a-s_nan.o)
                              c:/program files (x86)/atollic/truestudio for stm32 9.0.1/armtools/bin/../lib/gcc/arm-atollic-eabi/6.3.1/../../../../arm-atollic-eabi/lib/armv7-m\libm.a(lib_a-wf_asin.o) (nan)
c:/program files (x86)/atollic/truestudio for stm32 9.0.1/armtools/bin/../lib/gcc/arm-atollic-eabi/6.3.1/../../../../arm-atollic-eabi/lib/armv7-m\libm.a(lib_a-sf_atan.o)
                              c:/program files (x86)/atollic/truestudio for stm32 9.0.1/armtools/bin/../lib/gcc/arm-atollic-eabi/6.3.1/../../../../arm-atollic-eabi/lib/armv7-m\libm.a(lib_a-ef_atan2.o) (atanf)
c:/program files (x86)/atollic/truestudio for stm32 9.0.1/armtools/bin/../lib/gcc/arm-atollic-eabi/6.3.1/../../../../arm-atollic-eabi/lib/armv7-m\libm.a(lib_a-sf_fabs.o)
                              c:/program files (x86)/atollic/truestudio for stm32 9.0.1/armtools/bin/../lib/gcc/arm-atollic-eabi/6.3.1/../../../../arm-atollic-eabi/lib/armv7-m\libm.a(lib_a-wf_asin.o) (fabsf)
[...]
Memory Configuration

Name             Origin             Length             Attributes
FLASH            0x08000000         0x00020000         xr
RAM              0x20000000         0x00002000         xrw
MEMORY_B1        0x60000000         0x00000000         xr
*default*        0x00000000         0xffffffff

Linker script and memory map

LOAD c:/program files (x86)/atollic/truestudio for stm32 9.0.1/armtools/bin/../lib/gcc/arm-atollic-eabi/6.3.1/armv7-m/crti.o
LOAD c:/program files (x86)/atollic/truestudio for stm32 9.0.1/armtools/bin/../lib/gcc/arm-atollic-eabi/6.3.1/armv7-m/crtbegin.o
LOAD .metadata\.plugins\org.eclipse.cdt.make.core\specs.o
LOAD FreeRTOS_Source\list.o
LOAD FreeRTOS_Source\portable\GCC\ARM_CM3\port.o
LOAD FreeRTOS_Source\portable\MemMang\heap_2.o
LOAD FreeRTOS_Source\queue.o
LOAD FreeRTOS_Source\tasks.o
LOAD FreeRTOS_Source\timers.o
LOAD Libraries\STM32F10x_StdPeriph_Driver\src\misc.o
LOAD Libraries\STM32F10x_StdPeriph_Driver\src\stm32f10x_adc.o
LOAD Libraries\STM32F10x_StdPeriph_Driver\src\stm32f10x_bkp.o
LOAD Libraries\STM32F10x_StdPeriph_Driver\src\stm32f10x_can.o
LOAD Libraries\STM32F10x_StdPeriph_Driver\src\stm32f10x_cec.o
LOAD Libraries\STM32F10x_StdPeriph_Driver\src\stm32f10x_crc.o
LOAD Libraries\STM32F10x_StdPeriph_Driver\src\stm32f10x_dac.o
LOAD Libraries\STM32F10x_StdPeriph_Driver\src\stm32f10x_dbgmcu.o
LOAD Libraries\STM32F10x_StdPeriph_Driver\src\stm32f10x_dma.o
LOAD Libraries\STM32F10x_StdPeriph_Driver\src\stm32f10x_exti.o
LOAD Libraries\STM32F10x_StdPeriph_Driver\src\stm32f10x_flash.o
LOAD Libraries\STM32F10x_StdPeriph_Driver\src\stm32f10x_fsmc.o
LOAD Libraries\STM32F10x_StdPeriph_Driver\src\stm32f10x_gpio.o
LOAD Libraries\STM32F10x_StdPeriph_Driver\src\stm32f10x_i2c.o
LOAD Libraries\STM32F10x_StdPeriph_Driver\src\stm32f10x_iwdg.o
LOAD Libraries\STM32F10x_StdPeriph_Driver\src\stm32f10x_pwr.o
LOAD Libraries\STM32F10x_StdPeriph_Driver\src\stm32f10x_rcc.o
LOAD Libraries\STM32F10x_StdPeriph_Driver\src\stm32f10x_rtc.o
LOAD Libraries\STM32F10x_StdPeriph_Driver\src\stm32f10x_sdio.o
LOAD Libraries\STM32F10x_StdPeriph_Driver\src\stm32f10x_spi.o
LOAD Libraries\STM32F10x_StdPeriph_Driver\src\stm32f10x_tim.o
LOAD Libraries\STM32F10x_StdPeriph_Driver\src\stm32f10x_usart.o
LOAD Libraries\STM32F10x_StdPeriph_Driver\src\stm32f10x_wwdg.o
LOAD src\attitude_estimation\MadgwickAHRS.o
LOAD src\attitude_estimation\imu_utils.o
LOAD src\debug.o
LOAD src\gy87_module.o
LOAD src\i2c_comm.o
LOAD src\main.o
LOAD src\small_printf.o
LOAD src\startup_stm32f10x_md_vl.o
LOAD src\stm32f1xx_it.o
LOAD src\system_stm32f10x.o
LOAD src\timer_config.o
LOAD src\uart_comm.o
                0x00000080                malloc_getpagesize_P = 0x80
START GROUP
LOAD c:/program files (x86)/atollic/truestudio for stm32 9.0.1/armtools/bin/../lib/gcc/arm-atollic-eabi/6.3.1/../../../../arm-atollic-eabi/lib/armv7-m\libc_nano.a
LOAD c:/program files (x86)/atollic/truestudio for stm32 9.0.1/armtools/bin/../lib/gcc/arm-atollic-eabi/6.3.1/../../../../arm-atollic-eabi/lib/armv7-m\libm.a
END GROUP
START GROUP
LOAD c:/program files (x86)/atollic/truestudio for stm32 9.0.1/armtools/bin/../lib/gcc/arm-atollic-eabi/6.3.1/armv7-m\libgcc.a
LOAD c:/program files (x86)/atollic/truestudio for stm32 9.0.1/armtools/bin/../lib/gcc/arm-atollic-eabi/6.3.1/../../../../arm-atollic-eabi/lib/armv7-m\libc_nano.a
END GROUP
START GROUP
LOAD c:/program files (x86)/atollic/truestudio for stm32 9.0.1/armtools/bin/../lib/gcc/arm-atollic-eabi/6.3.1/armv7-m\libgcc.a
LOAD c:/program files (x86)/atollic/truestudio for stm32 9.0.1/armtools/bin/../lib/gcc/arm-atollic-eabi/6.3.1/../../../../arm-atollic-eabi/lib/armv7-m\libc_nano.a
LOAD c:/program files (x86)/atollic/truestudio for stm32 9.0.1/armtools/bin/../lib/gcc/arm-atollic-eabi/6.3.1/../../../../arm-atollic-eabi/lib/armv7-m\libnosys.a
END GROUP
START GROUP
LOAD c:/program files (x86)/atollic/truestudio for stm32 9.0.1/armtools/bin/../lib/gcc/arm-atollic-eabi/6.3.1/armv7-m\libgcc.a
LOAD c:/program files (x86)/atollic/truestudio for stm32 9.0.1/armtools/bin/../lib/gcc/arm-atollic-eabi/6.3.1/../../../../arm-atollic-eabi/lib/armv7-m\libc_nano.a
LOAD c:/program files (x86)/atollic/truestudio for stm32 9.0.1/armtools/bin/../lib/gcc/arm-atollic-eabi/6.3.1/../../../../arm-atollic-eabi/lib/armv7-m\libnosys.a
END GROUP
LOAD c:/program files (x86)/atollic/truestudio for stm32 9.0.1/armtools/bin/../lib/gcc/arm-atollic-eabi/6.3.1/armv7-m/crtend.o
LOAD c:/program files (x86)/atollic/truestudio for stm32 9.0.1/armtools/bin/../lib/gcc/arm-atollic-eabi/6.3.1/armv7-m/crtn.o
                0x20002000                _estack = 0x20002000
                0x00000000                _Min_Heap_Size = 0x0
                0x00000080                _Min_Stack_Size = 0x80

.isr_vector     0x08000000      0x1d0
                0x08000000                . = ALIGN (0x4)
 *(.isr_vector)
 .isr_vector    0x08000000      0x1d0 src\startup_stm32f10x_md_vl.o
                0x08000000                g_pfnVectors
                0x080001d0                . = ALIGN (0x4)

.text           0x080001d0     0x66f8
                0x080001d0                . = ALIGN (0x4)
 *(.text)
 .text          0x080001d0       0x40 c:/program files (x86)/atollic/truestudio for stm32 9.0.1/armtools/bin/../lib/gcc/arm-atollic-eabi/6.3.1/armv7-m/crtbegin.o
 .text          0x08000210      0x370 c:/program files (x86)/atollic/truestudio for stm32 9.0.1/armtools/bin/../lib/gcc/arm-atollic-eabi/6.3.1/armv7-m\libgcc.a(_arm_addsubdf3.o)
                0x08000210                __aeabi_drsub
                0x08000218                __aeabi_dsub
                0x08000218                __subdf3
                0x0800021c                __aeabi_dadd
                0x0800021c                __adddf3
                0x08000494                __floatunsidf
                0x08000494                __aeabi_ui2d
                0x080004b4                __floatsidf
                0x080004b4                __aeabi_i2d
                0x080004d8                __aeabi_f2d
                0x080004d8                __extendsfdf2
                0x08000514                __floatundidf
                0x08000514                __aeabi_ul2d
                0x08000524                __floatdidf
                0x08000524                __aeabi_l2d
 .text          0x08000580      0x424 c:/program files (x86)/atollic/truestudio for stm32 9.0.1/armtools/bin/../lib/gcc/arm-atollic-eabi/6.3.1/armv7-m\libgcc.a(_arm_muldivdf3.o)
                0x08000580                __aeabi_dmul
                0x08000580                __muldf3
                0x080007d4                __divdf3
                0x080007d4                __aeabi_ddiv
 .text          0x080009a4      0x110 c:/program files (x86)/atollic/truestudio for stm32 9.0.1/armtools/bin/../lib/gcc/arm-atollic-eabi/6.3.1/armv7-m\libgcc.a(_arm_cmpdf2.o)
                0x080009a4                __gtdf2
                0x080009a4                __gedf2
                0x080009ac                __ltdf2
                0x080009ac                __ledf2
                0x080009b4                __nedf2
                0x080009b4                __eqdf2
                0x080009b4                __cmpdf2
                0x08000a30                __aeabi_cdrcmple
                0x08000a40                __aeabi_cdcmpeq
                0x08000a40                __aeabi_cdcmple
                0x08000a50                __aeabi_dcmpeq
                0x08000a64                __aeabi_dcmplt
                0x08000a78                __aeabi_dcmple
                0x08000a8c                __aeabi_dcmpge
                0x08000aa0                __aeabi_dcmpgt
 .text          0x08000ab4       0x50 c:/program files (x86)/atollic/truestudio for stm32 9.0.1/armtools/bin/../lib/gcc/arm-atollic-eabi/6.3.1/armv7-m\libgcc.a(_arm_fixdfsi.o)
                0x08000ab4                __aeabi_d2iz
                0x08000ab4                __fixdfsi
 .text          0x08000b04       0x40 c:/program files (x86)/atollic/truestudio for stm32 9.0.1/armtools/bin/../lib/gcc/arm-atollic-eabi/6.3.1/armv7-m\libgcc.a(_arm_fixunsdfsi.o)
                0x08000b04                __aeabi_d2uiz
                0x08000b04                __fixunsdfsi
 .text          0x08000b44       0x30 c:/program files (x86)/atollic/truestudio for stm32 9.0.1/armtools/bin/../lib/gcc/arm-atollic-eabi/6.3.1/armv7-m\libgcc.a(_aeabi_uldivmod.o)
                0x08000b44                __aeabi_uldivmod
 .text          0x08000b74      0x2dc c:/program files (x86)/atollic/truestudio for stm32 9.0.1/armtools/bin/../lib/gcc/arm-atollic-eabi/6.3.1/armv7-m\libgcc.a(_udivmoddi4.o)
                0x08000b74                __udivmoddi4
 .text          0x08000e50        0x4 c:/program files (x86)/atollic/truestudio for stm32 9.0.1/armtools/bin/../lib/gcc/arm-atollic-eabi/6.3.1/armv7-m\libgcc.a(_dvmd_tls.o)
                0x08000e50                __aeabi_idiv0
                0x08000e50                __aeabi_ldiv0
 *(.text*)
 .text.vListInitialise
                0x08000e54       0x3e FreeRTOS_Source\list.o
                0x08000e54                vListInitialise
 .text.vListInitialiseItem
                0x08000e92       0x18 FreeRTOS_Source\list.o
                0x08000e92                vListInitialiseItem
 .text.vListInsertEnd
                0x08000eaa       0x46 FreeRTOS_Source\list.o
                0x08000eaa                vListInsertEnd
 .text.vListInsert
                0x08000ef0       0x70 FreeRTOS_Source\list.o
                0x08000ef0                vListInsert
 .text.uxListRemove
                0x08000f60       0x52 FreeRTOS_Source\list.o
                0x08000f60                uxListRemove
 *fill*         0x08000fb2        0x2 
 .text.pxPortInitialiseStack
                0x08000fb4       0x58 FreeRTOS_Source\portable\GCC\ARM_CM3\port.o
                0x08000fb4                pxPortInitialiseStack
 .text.prvTaskExitError
                0x0800100c       0x50 FreeRTOS_Source\portable\GCC\ARM_CM3\port.o
 *fill*         0x0800105c        0x4 
 .text.SVC_Handler
                0x08001060       0x28 FreeRTOS_Source\portable\GCC\ARM_CM3\port.o
                0x08001060                SVC_Handler
 .text.prvPortStartFirstTask
                0x08001088       0x20 FreeRTOS_Source\portable\GCC\ARM_CM3\port.o
 .text.xPortStartScheduler
                0x080010a8       0xe0 FreeRTOS_Source\portable\GCC\ARM_CM3\port.o
                0x080010a8                xPortStartScheduler
 .text.vPortEnterCritical
                0x08001188       0x5c FreeRTOS_Source\portable\GCC\ARM_CM3\port.o
                0x08001188                vPortEnterCritical
 .text.vPortExitCritical
                0x080011e4       0x4c FreeRTOS_Source\portable\GCC\ARM_CM3\port.o
                0x080011e4                vPortExitCritical
 .text.PendSV_Handler
                0x08001230       0x48 FreeRTOS_Source\portable\GCC\ARM_CM3\port.o
                0x08001230                PendSV_Handler
 .text.SysTick_Handler
                0x08001278       0x40 FreeRTOS_Source\portable\GCC\ARM_CM3\port.o
                0x08001278                SysTick_Handler
 .text.vPortSetupTimerInterrupt
                0x080012b8       0x34 FreeRTOS_Source\portable\GCC\ARM_CM3\port.o
                0x080012b8                vPortSetupTimerInterrupt
 .text.vPortValidateInterruptPriority
                0x080012ec       0x78 FreeRTOS_Source\portable\GCC\ARM_CM3\port.o
                0x080012ec                vPortValidateInterruptPriority
 .text.pvPortMalloc
                0x08001364      0x124 FreeRTOS_Source\portable\MemMang\heap_2.o
                0x08001364                pvPortMalloc
 .text.vPortFree
                0x08001488       0x74 FreeRTOS_Source\portable\MemMang\heap_2.o
                0x08001488                vPortFree
 .text.xPortGetFreeHeapSize
                0x080014fc       0x14 FreeRTOS_Source\portable\MemMang\heap_2.o
                0x080014fc                xPortGetFreeHeapSize
 .text.prvHeapInit
                0x08001510       0x50 FreeRTOS_Source\portable\MemMang\heap_2.o
 .text.xQueueGenericReset
                0x08001560       0xd0 FreeRTOS_Source\queue.o
                0x08001560                xQueueGenericReset
 .text.xQueueGenericCreate
                0x08001630       0x6a FreeRTOS_Source\queue.o
                0x08001630                xQueueGenericCreate
 .text.prvInitialiseNewQueue
                0x0800169a       0x3e FreeRTOS_Source\queue.o
 .text.xQueueGenericSend
                0x080016d8      0x1f4 FreeRTOS_Source\queue.o
                0x080016d8                xQueueGenericSend
 .text.xQueueGenericSendFromISR
                0x080018cc      0x12e FreeRTOS_Source\queue.o
                0x080018cc                xQueueGenericSendFromISR
 *fill*         0x080019fa        0x2 
 .text.xQueueReceive
                0x080019fc      0x1b8 FreeRTOS_Source\queue.o
                0x080019fc                xQueueReceive
 .text.prvCopyDataToQueue
                0x08001bb4       0xd4 FreeRTOS_Source\queue.o
 .text.prvCopyDataFromQueue
                0x08001c88       0x4c FreeRTOS_Source\queue.o
 .text.prvUnlockQueue
                0x08001cd4       0xa4 FreeRTOS_Source\queue.o
 .text.prvIsQueueEmpty
                0x08001d78       0x2c FreeRTOS_Source\queue.o
 .text.prvIsQueueFull
                0x08001da4       0x30 FreeRTOS_Source\queue.o
 .text.vQueueWaitForMessageRestricted
                0x08001dd4       0x68 FreeRTOS_Source\queue.o
                0x08001dd4                vQueueWaitForMessageRestricted
 .text.xTaskCreate
                0x08001e3c       0x82 FreeRTOS_Source\tasks.o
                0x08001e3c                xTaskCreate
 .text.prvInitialiseNewTask
                0x08001ebe      0x11c FreeRTOS_Source\tasks.o
 *fill*         0x08001fda        0x2 
 .text.prvAddNewTaskToReadyList
                0x08001fdc       0xd4 FreeRTOS_Source\tasks.o
 .text.vTaskDelete
                0x080020b0      0x11c FreeRTOS_Source\tasks.o
                0x080020b0                vTaskDelete
 .text.vTaskDelay
                0x080021cc       0x68 FreeRTOS_Source\tasks.o
                0x080021cc                vTaskDelay
 .text.vTaskStartScheduler
                0x08002234       0x98 FreeRTOS_Source\tasks.o
                0x08002234                vTaskStartScheduler
 .text.vTaskSuspendAll
                0x080022cc       0x1c FreeRTOS_Source\tasks.o
                0x080022cc                vTaskSuspendAll
 .text.xTaskResumeAll
                0x080022e8      0x138 FreeRTOS_Source\tasks.o
                0x080022e8                xTaskResumeAll
 .text.xTaskGetTickCount
                0x08002420       0x1c FreeRTOS_Source\tasks.o
                0x08002420                xTaskGetTickCount
 .text.xTaskIncrementTick
                0x0800243c      0x170 FreeRTOS_Source\tasks.o
                0x0800243c                xTaskIncrementTick
 .text.vTaskSwitchContext
                0x080025ac      0x100 FreeRTOS_Source\tasks.o
                0x080025ac                vTaskSwitchContext
 .text.vTaskPlaceOnEventList
                0x080026ac       0x48 FreeRTOS_Source\tasks.o
                0x080026ac                vTaskPlaceOnEventList
 .text.vTaskPlaceOnEventListRestricted
                0x080026f4       0x54 FreeRTOS_Source\tasks.o
                0x080026f4                vTaskPlaceOnEventListRestricted
 .text.xTaskRemoveFromEventList
                0x08002748       0xc4 FreeRTOS_Source\tasks.o
                0x08002748                xTaskRemoveFromEventList
 .text.vTaskInternalSetTimeOutState
                0x0800280c       0x2c FreeRTOS_Source\tasks.o
                0x0800280c                vTaskInternalSetTimeOutState
 .text.xTaskCheckForTimeOut
                0x08002838       0xc0 FreeRTOS_Source\tasks.o
                0x08002838                xTaskCheckForTimeOut
 .text.vTaskMissedYield
                0x080028f8       0x18 FreeRTOS_Source\tasks.o
                0x080028f8                vTaskMissedYield
 .text.prvIdleTask
                0x08002910       0x34 FreeRTOS_Source\tasks.o
 .text.prvInitialiseTaskLists
                0x08002944       0x80 FreeRTOS_Source\tasks.o
 .text.prvCheckTasksWaitingTermination
                0x080029c4       0x58 FreeRTOS_Source\tasks.o
 .text.prvDeleteTCB
                0x08002a1c       0x20 FreeRTOS_Source\tasks.o
 .text.prvResetNextTaskUnblockTime
                0x08002a3c       0x40 FreeRTOS_Source\tasks.o
 .text.xTaskGetSchedulerState
                0x08002a7c       0x3c FreeRTOS_Source\tasks.o
                0x08002a7c                xTaskGetSchedulerState
 .text.xTaskPriorityDisinherit
                0x08002ab8      0x108 FreeRTOS_Source\tasks.o
                0x08002ab8                xTaskPriorityDisinherit
 .text.prvAddCurrentTaskToDelayedList
                0x08002bc0       0xcc FreeRTOS_Source\tasks.o
 .text.xTimerCreateTimerTask
                0x08002c8c       0x60 FreeRTOS_Source\timers.o
                0x08002c8c                xTimerCreateTimerTask
 .text.xTimerGenericCommand
                0x08002cec       0x98 FreeRTOS_Source\timers.o
                0x08002cec                xTimerGenericCommand
 .text.prvProcessExpiredTimer
                0x08002d84       0x98 FreeRTOS_Source\timers.o
 .text.prvTimerTask
                0x08002e1c       0x24 FreeRTOS_Source\timers.o
 .text.prvProcessTimerOrBlockTask
                0x08002e40       0x9c FreeRTOS_Source\timers.o
 .text.prvGetNextExpireTime
                0x08002edc       0x44 FreeRTOS_Source\timers.o
 .text.prvSampleTimeNow
                0x08002f20       0x40 FreeRTOS_Source\timers.o
 .text.prvInsertTimerInActiveList
                0x08002f60       0x84 FreeRTOS_Source\timers.o
 .text.prvProcessReceivedCommands
                0x08002fe4      0x188 FreeRTOS_Source\timers.o
 .text.prvSwitchTimerLists
                0x0800316c       0xc8 FreeRTOS_Source\timers.o
 .text.prvCheckForValidListAndQueue
                0x08003234       0x54 FreeRTOS_Source\timers.o
 .text.NVIC_Init
                0x08003288       0xc4 Libraries\STM32F10x_StdPeriph_Driver\src\misc.o
                0x08003288                NVIC_Init
 .text.GPIO_Init
                0x0800334c      0x178 Libraries\STM32F10x_StdPeriph_Driver\src\stm32f10x_gpio.o
                0x0800334c                GPIO_Init
 .text.I2C_Init
                0x080034c4      0x184 Libraries\STM32F10x_StdPeriph_Driver\src\stm32f10x_i2c.o
                0x080034c4                I2C_Init
 .text.I2C_Cmd  0x08003648       0x3e Libraries\STM32F10x_StdPeriph_Driver\src\stm32f10x_i2c.o
                0x08003648                I2C_Cmd
 .text.I2C_GenerateSTART
                0x08003686       0x3e Libraries\STM32F10x_StdPeriph_Driver\src\stm32f10x_i2c.o
                0x08003686                I2C_GenerateSTART
 .text.I2C_GenerateSTOP
                0x080036c4       0x3e Libraries\STM32F10x_StdPeriph_Driver\src\stm32f10x_i2c.o
                0x080036c4                I2C_GenerateSTOP
 .text.I2C_AcknowledgeConfig
                0x08003702       0x3e Libraries\STM32F10x_StdPeriph_Driver\src\stm32f10x_i2c.o
                0x08003702                I2C_AcknowledgeConfig
 .text.I2C_SendData
                0x08003740       0x1e Libraries\STM32F10x_StdPeriph_Driver\src\stm32f10x_i2c.o
                0x08003740                I2C_SendData
 .text.I2C_ReceiveData
                0x0800375e       0x1a Libraries\STM32F10x_StdPeriph_Driver\src\stm32f10x_i2c.o
                0x0800375e                I2C_ReceiveData
 .text.I2C_Send7bitAddress
                0x08003778       0x3a Libraries\STM32F10x_StdPeriph_Driver\src\stm32f10x_i2c.o
                0x08003778                I2C_Send7bitAddress
 .text.I2C_CheckEvent
                0x080037b2       0x5e Libraries\STM32F10x_StdPeriph_Driver\src\stm32f10x_i2c.o
                0x080037b2                I2C_CheckEvent
 .text.RCC_GetClocksFreq
                0x08003810      0x15c Libraries\STM32F10x_StdPeriph_Driver\src\stm32f10x_rcc.o
                0x08003810                RCC_GetClocksFreq
 .text.RCC_APB2PeriphClockCmd
                0x0800396c       0x3c Libraries\STM32F10x_StdPeriph_Driver\src\stm32f10x_rcc.o
                0x0800396c                RCC_APB2PeriphClockCmd
 .text.RCC_APB1PeriphClockCmd
                0x080039a8       0x3c Libraries\STM32F10x_StdPeriph_Driver\src\stm32f10x_rcc.o
                0x080039a8                RCC_APB1PeriphClockCmd
 .text.TIM_TimeBaseInit
                0x080039e4       0xf8 Libraries\STM32F10x_StdPeriph_Driver\src\stm32f10x_tim.o
                0x080039e4                TIM_TimeBaseInit
 .text.TIM_OC1Init
                0x08003adc      0x118 Libraries\STM32F10x_StdPeriph_Driver\src\stm32f10x_tim.o
                0x08003adc                TIM_OC1Init
 .text.TIM_OC2Init
                0x08003bf4      0x110 Libraries\STM32F10x_StdPeriph_Driver\src\stm32f10x_tim.o
                0x08003bf4                TIM_OC2Init
 .text.TIM_OC3Init
                0x08003d04      0x10c Libraries\STM32F10x_StdPeriph_Driver\src\stm32f10x_tim.o
                0x08003d04                TIM_OC3Init
 .text.TIM_OC4Init
                0x08003e10       0xd0 Libraries\STM32F10x_StdPeriph_Driver\src\stm32f10x_tim.o
                0x08003e10                TIM_OC4Init
 .text.TIM_Cmd  0x08003ee0       0x3e Libraries\STM32F10x_StdPeriph_Driver\src\stm32f10x_tim.o
                0x08003ee0                TIM_Cmd
 .text.TIM_ITConfig
                0x08003f1e       0x46 Libraries\STM32F10x_StdPeriph_Driver\src\stm32f10x_tim.o
                0x08003f1e                TIM_ITConfig
 .text.TIM_ARRPreloadConfig
                0x08003f64       0x3e Libraries\STM32F10x_StdPeriph_Driver\src\stm32f10x_tim.o
                0x08003f64                TIM_ARRPreloadConfig
 .text.TIM_OC1PreloadConfig
                0x08003fa2       0x36 Libraries\STM32F10x_StdPeriph_Driver\src\stm32f10x_tim.o
                0x08003fa2                TIM_OC1PreloadConfig
 .text.TIM_OC2PreloadConfig
                0x08003fd8       0x3a Libraries\STM32F10x_StdPeriph_Driver\src\stm32f10x_tim.o
                0x08003fd8                TIM_OC2PreloadConfig
 .text.TIM_OC3PreloadConfig
                0x08004012       0x36 Libraries\STM32F10x_StdPeriph_Driver\src\stm32f10x_tim.o
                0x08004012                TIM_OC3PreloadConfig
 .text.TIM_OC4PreloadConfig
                0x08004048       0x3a Libraries\STM32F10x_StdPeriph_Driver\src\stm32f10x_tim.o
                0x08004048                TIM_OC4PreloadConfig
 .text.TIM_GetITStatus
                0x08004082       0x52 Libraries\STM32F10x_StdPeriph_Driver\src\stm32f10x_tim.o
                0x08004082                TIM_GetITStatus
 .text.TIM_ClearITPendingBit
                0x080040d4       0x20 Libraries\STM32F10x_StdPeriph_Driver\src\stm32f10x_tim.o
                0x080040d4                TIM_ClearITPendingBit
 .text.USART_Init
                0x080040f4      0x174 Libraries\STM32F10x_StdPeriph_Driver\src\stm32f10x_usart.o
                0x080040f4                USART_Init
 .text.USART_Cmd
                0x08004268       0x3e Libraries\STM32F10x_StdPeriph_Driver\src\stm32f10x_usart.o
                0x08004268                USART_Cmd
 .text.USART_SendData
                0x080042a6       0x22 Libraries\STM32F10x_StdPeriph_Driver\src\stm32f10x_usart.o
                0x080042a6                USART_SendData
 .text.USART_GetFlagStatus
                0x080042c8       0x36 Libraries\STM32F10x_StdPeriph_Driver\src\stm32f10x_usart.o
                0x080042c8                USART_GetFlagStatus
 *fill*         0x080042fe        0x2 
 .text.debug_led_init
                0x08004300       0x3c src\debug.o
                0x08004300                debug_led_init
 .text.mpu6050_init
                0x0800433c       0x7c src\gy87_module.o
                0x0800433c                mpu6050_init
 .text.mpu6050_aux_i2c_bus_host_access
                0x080043b8       0x9c src\gy87_module.o
                0x080043b8                mpu6050_aux_i2c_bus_host_access
 .text.hmc5883l_init
                0x08004454       0x6e src\gy87_module.o
                0x08004454                hmc5883l_init
 .text.magneto_measurement_read
                0x080044c2       0x6c src\gy87_module.o
                0x080044c2                magneto_measurement_read
 .text.magnetometer_read_min_and_max_values
                0x0800452e      0x102 src\gy87_module.o
                0x0800452e                magnetometer_read_min_and_max_values
 .text.I2C_LowLevel_Init
                0x08004630       0x7c src\i2c_comm.o
                0x08004630                I2C_LowLevel_Init
 .text.i2c_slave_mem_read
                0x080046ac      0x188 src\i2c_comm.o
                0x080046ac                i2c_slave_mem_read
 .text.i2c_slave_mem_write
                0x08004834       0xe8 src\i2c_comm.o
                0x08004834                i2c_slave_mem_write
 .text.test_task
                0x0800491c       0xb8 src\main.o
                0x0800491c                test_task
 .text.drone_init_task
                0x080049d4       0xb8 src\main.o
                0x080049d4                drone_init_task
 .text.main     0x08004a8c       0x28 src\main.o
                0x08004a8c                main
 .text.vApplicationMallocFailedHook
                0x08004ab4        0x6 src\main.o
                0x08004ab4                vApplicationMallocFailedHook
 .text.vApplicationStackOverflowHook
                0x08004aba        0xc src\main.o
                0x08004aba                vApplicationStackOverflowHook
 .text.vApplicationIdleHook
                0x08004ac6       0x18 src\main.o
                0x08004ac6                vApplicationIdleHook
 *fill*         0x08004ade        0x2 
 .text._putchar
                0x08004ae0       0x34 src\small_printf.o
                0x08004ae0                _putchar
 .text._out_null
                0x08004b14       0x1a src\small_printf.o
 .text._out_char
                0x08004b2e       0x26 src\small_printf.o
 .text._strnlen_s
                0x08004b54       0x38 src\small_printf.o
 .text._is_digit
                0x08004b8c       0x2c src\small_printf.o
 .text._atoi    0x08004bb8       0x48 src\small_printf.o
 .text._out_rev
                0x08004c00       0xa0 src\small_printf.o
 .text._ntoa_format
                0x08004ca0      0x1b8 src\small_printf.o
 .text._ntoa_long
                0x08004e58       0xce src\small_printf.o
 .text._ntoa_long_long
                0x08004f26       0xde src\small_printf.o
 *fill*         0x08005004        0x4 
 .text._ftoa    0x08005008      0x4cc src\small_printf.o
 *fill*         0x080054d4        0x4 
 .text._etoa    0x080054d8      0x518 src\small_printf.o
 .text._vsnprintf
                0x080059f0      0x958 src\small_printf.o
 .text.printf_  0x08006348       0x38 src\small_printf.o
                0x08006348                printf_
 .text.Reset_Handler
                0x08006380       0x50 src\startup_stm32f10x_md_vl.o
                0x08006380                Reset_Handler
 .text.Default_Handler
                0x080063d0        0x2 src\startup_stm32f10x_md_vl.o
                0x080063d0                EXTI2_IRQHandler
                0x080063d0                TIM1_CC_IRQHandler
                0x080063d0                PVD_IRQHandler
                0x080063d0                EXTI3_IRQHandler
                0x080063d0                EXTI0_IRQHandler
                0x080063d0                I2C2_EV_IRQHandler
                0x080063d0                TIM1_UP_TIM16_IRQHandler
                0x080063d0                SPI1_IRQHandler
                0x080063d0                TAMPER_IRQHandler
                0x080063d0                TIM6_DAC_IRQHandler
                0x080063d0                DMA1_Channel4_IRQHandler
                0x080063d0                ADC1_IRQHandler
                0x080063d0                USART3_IRQHandler
                0x080063d0                RTC_IRQHandler
                0x080063d0                DMA1_Channel7_IRQHandler
                0x080063d0                TIM4_IRQHandler
                0x080063d0                I2C1_EV_IRQHandler
                0x080063d0                DMA1_Channel6_IRQHandler
                0x080063d0                RCC_IRQHandler
                0x080063d0                DMA1_Channel1_IRQHandler
                0x080063d0                Default_Handler
                0x080063d0                CEC_IRQHandler
                0x080063d0                EXTI15_10_IRQHandler
                0x080063d0                TIM7_IRQHandler
                0x080063d0                EXTI9_5_IRQHandler
                0x080063d0                SPI2_IRQHandler
                0x080063d0                DMA1_Channel5_IRQHandler
                0x080063d0                EXTI4_IRQHandler
                0x080063d0                TIM1_TRG_COM_TIM17_IRQHandler
                0x080063d0                DMA1_Channel3_IRQHandler
                0x080063d0                WWDG_IRQHandler
                0x080063d0                TIM2_IRQHandler
                0x080063d0                EXTI1_IRQHandler
                0x080063d0                RTCAlarm_IRQHandler
                0x080063d0                USART2_IRQHandler
                0x080063d0                I2C2_ER_IRQHandler
                0x080063d0                DMA1_Channel2_IRQHandler
                0x080063d0                FLASH_IRQHandler
                0x080063d0                USART1_IRQHandler
                0x080063d0                I2C1_ER_IRQHandler
                0x080063d0                TIM1_BRK_TIM15_IRQHandler
 .text.NMI_Handler
                0x080063d2        0xc src\stm32f1xx_it.o
                0x080063d2                NMI_Handler
 .text.HardFault_Handler
                0x080063de        0x6 src\stm32f1xx_it.o
                0x080063de                HardFault_Handler
 .text.MemManage_Handler
                0x080063e4        0x6 src\stm32f1xx_it.o
                0x080063e4                MemManage_Handler
 .text.BusFault_Handler
                0x080063ea        0x6 src\stm32f1xx_it.o
                0x080063ea                BusFault_Handler
 .text.UsageFault_Handler
                0x080063f0        0x6 src\stm32f1xx_it.o
                0x080063f0                UsageFault_Handler
 .text.DebugMon_Handler
                0x080063f6        0xc src\stm32f1xx_it.o
                0x080063f6                DebugMon_Handler
 *fill*         0x08006402        0x2 
 .text.SystemInit
                0x08006404       0x70 src\system_stm32f10x.o
                0x08006404                SystemInit
 .text.SetSysClock
                0x08006474        0xc src\system_stm32f10x.o
 .text.SetSysClockTo24
                0x08006480       0xd4 src\system_stm32f10x.o
 .text.TIM3_IRQHandler
                0x08006554       0x64 src\timer_config.o
                0x08006554                TIM3_IRQHandler
 .text.timer3_init
                0x080065b8       0x68 src\timer_config.o
                0x080065b8                timer3_init
 .text.motors_pwm_init
                0x08006620       0xec src\timer_config.o
                0x08006620                motors_pwm_init
 .text.millis   0x0800670c       0x14 src\timer_config.o
                0x0800670c                millis
 .text.delay_ms
                0x08006720       0x2a src\timer_config.o
                0x08006720                delay_ms
 *fill*         0x0800674a        0x2 
 .text.timeout_alarm_set
                0x0800674c       0x3c src\timer_config.o
                0x0800674c                timeout_alarm_set
 .text.timeout_alarm_status_check
                0x08006788       0x18 src\timer_config.o
                0x08006788                timeout_alarm_status_check
 .text.timeout_alarm_off
                0x080067a0       0x20 src\timer_config.o
                0x080067a0                timeout_alarm_off
 .text.uart_console_init
                0x080067c0       0x80 src\uart_comm.o
                0x080067c0                uart_console_init
 .text.__libc_init_array
                0x08006840       0x48 c:/program files (x86)/atollic/truestudio for stm32 9.0.1/armtools/bin/../lib/gcc/arm-atollic-eabi/6.3.1/../../../../arm-atollic-eabi/lib/armv7-m\libc_nano.a(lib_a-init.o)
                0x08006840                __libc_init_array
 .text.memcpy   0x08006888       0x16 c:/program files (x86)/atollic/truestudio for stm32 9.0.1/armtools/bin/../lib/gcc/arm-atollic-eabi/6.3.1/../../../../arm-atollic-eabi/lib/armv7-m\libc_nano.a(lib_a-memcpy-stub.o)
                0x08006888                memcpy
 .text.memset   0x0800689e       0x10 c:/program files (x86)/atollic/truestudio for stm32 9.0.1/armtools/bin/../lib/gcc/arm-atollic-eabi/6.3.1/../../../../arm-atollic-eabi/lib/armv7-m\libc_nano.a(lib_a-memset.o)
                0x0800689e                memset
 *(.glue_7)
 .glue_7        0x080068ae        0x0 linker stubs
 *(.glue_7t)
 .glue_7t       0x080068ae        0x0 linker stubs
 *(.eh_frame)
 *fill*         0x080068ae        0x2 
 .eh_frame      0x080068b0        0x0 c:/program files (x86)/atollic/truestudio for stm32 9.0.1/armtools/bin/../lib/gcc/arm-atollic-eabi/6.3.1/armv7-m/crtbegin.o
 *(.init)
 .init          0x080068b0        0x4 c:/program files (x86)/atollic/truestudio for stm32 9.0.1/armtools/bin/../lib/gcc/arm-atollic-eabi/6.3.1/armv7-m/crti.o
                0x080068b0                _init
 .init          0x080068b4        0x8 c:/program files (x86)/atollic/truestudio for stm32 9.0.1/armtools/bin/../lib/gcc/arm-atollic-eabi/6.3.1/armv7-m/crtn.o
 *(.fini)
 .fini          0x080068bc        0x4 c:/program files (x86)/atollic/truestudio for stm32 9.0.1/armtools/bin/../lib/gcc/arm-atollic-eabi/6.3.1/armv7-m/crti.o
                0x080068bc                _fini
 .fini          0x080068c0        0x8 c:/program files (x86)/atollic/truestudio for stm32 9.0.1/armtools/bin/../lib/gcc/arm-atollic-eabi/6.3.1/armv7-m/crtn.o
                0x080068c8                . = ALIGN (0x4)
                0x080068c8                _etext = .

.vfp11_veneer   0x080068c8        0x0
 .vfp11_veneer  0x080068c8        0x0 linker stubs

.v4_bx          0x080068c8        0x0
 .v4_bx         0x080068c8        0x0 linker stubs

.iplt           0x080068c8        0x0
 .iplt          0x080068c8        0x0 c:/program files (x86)/atollic/truestudio for stm32 9.0.1/armtools/bin/../lib/gcc/arm-atollic-eabi/6.3.1/armv7-m/crtbegin.o

.rodata         0x080068c8      0x248
                0x080068c8                . = ALIGN (0x4)
 *(.rodata)
 .rodata        0x080068c8        0x5 FreeRTOS_Source\tasks.o
 *fill*         0x080068cd        0x3 
 .rodata        0x080068d0        0x8 FreeRTOS_Source\timers.o
 .rodata        0x080068d8      0x1cc src\main.o
 .rodata        0x08006aa4       0x18 src\small_printf.o
 *(.rodata*)
 *fill*         0x08006abc        0x4 
 .rodata.pow10.6779
                0x08006ac0       0x50 src\small_printf.o
                0x08006b10                . = ALIGN (0x4)

.ARM.extab
 *(.ARM.extab* .gnu.linkonce.armextab.*)

.ARM            0x08006b10        0x8
                0x08006b10                __exidx_start = .
 *(.ARM.exidx*)
 .ARM.exidx     0x08006b10        0x8 c:/program files (x86)/atollic/truestudio for stm32 9.0.1/armtools/bin/../lib/gcc/arm-atollic-eabi/6.3.1/armv7-m\libgcc.a(_udivmoddi4.o)
                0x08006b18                __exidx_end = .

.rel.dyn        0x08006b18        0x0
 .rel.iplt      0x08006b18        0x0 c:/program files (x86)/atollic/truestudio for stm32 9.0.1/armtools/bin/../lib/gcc/arm-atollic-eabi/6.3.1/armv7-m/crtbegin.o

.preinit_array  0x08006b18        0x0
                0x08006b18                PROVIDE (__preinit_array_start, .)
 *(.preinit_array*)
                0x08006b18                PROVIDE (__preinit_array_end, .)

.init_array     0x08006b18        0x4
                0x08006b18                PROVIDE (__init_array_start, .)
 *(SORT(.init_array.*))
 *(.init_array*)
 .init_array    0x08006b18        0x4 c:/program files (x86)/atollic/truestudio for stm32 9.0.1/armtools/bin/../lib/gcc/arm-atollic-eabi/6.3.1/armv7-m/crtbegin.o
                0x08006b1c                PROVIDE (__init_array_end, .)

.fini_array     0x08006b1c        0x4
                [!provide]                PROVIDE (__fini_array_start, .)
 *(SORT(.fini_array.*))
 *(.fini_array*)
 .fini_array    0x08006b1c        0x4 c:/program files (x86)/atollic/truestudio for stm32 9.0.1/armtools/bin/../lib/gcc/arm-atollic-eabi/6.3.1/armv7-m/crtbegin.o
                [!provide]                PROVIDE (__fini_array_end, .)
                0x08006b20                _sidata = LOADADDR (.data)

.data           0x20000000       0x1c load address 0x08006b20
                0x20000000                . = ALIGN (0x4)
                0x20000000                _sdata = .
 *(.data)
 *(.data*)
 .data.uxCriticalNesting
                0x20000000        0x4 FreeRTOS_Source\portable\GCC\ARM_CM3\port.o
 .data.xFreeBytesRemaining
                0x20000004        0x4 FreeRTOS_Source\portable\MemMang\heap_2.o
 .data.APBAHBPrescTable
                0x20000008       0x10 Libraries\STM32F10x_StdPeriph_Driver\src\stm32f10x_rcc.o
 .data.ADCPrescTable
                0x20000018        0x4 Libraries\STM32F10x_StdPeriph_Driver\src\stm32f10x_rcc.o
                0x2000001c                . = ALIGN (0x4)
                0x2000001c                _edata = .

.igot.plt       0x2000001c        0x0 load address 0x08006b3c
 .igot.plt      0x2000001c        0x0 c:/program files (x86)/atollic/truestudio for stm32 9.0.1/armtools/bin/../lib/gcc/arm-atollic-eabi/6.3.1/armv7-m/crtbegin.o
                0x2000001c                . = ALIGN (0x4)

.bss            0x2000001c     0x1d8c load address 0x08006b3c
                0x2000001c                _sbss = .
                0x2000001c                __bss_start__ = _sbss
 *(.bss)
 .bss           0x2000001c       0x1c c:/program files (x86)/atollic/truestudio for stm32 9.0.1/armtools/bin/../lib/gcc/arm-atollic-eabi/6.3.1/armv7-m/crtbegin.o
 *(.bss*)
 .bss.ucMaxSysCallPriority
                0x20000038        0x1 FreeRTOS_Source\portable\GCC\ARM_CM3\port.o
 *fill*         0x20000039        0x3 
 .bss.ulMaxPRIGROUPValue
                0x2000003c        0x4 FreeRTOS_Source\portable\GCC\ARM_CM3\port.o
 .bss.ucHeap    0x20000040     0x1c00 FreeRTOS_Source\portable\MemMang\heap_2.o
 .bss.xStart    0x20001c40        0x8 FreeRTOS_Source\portable\MemMang\heap_2.o
 .bss.xEnd      0x20001c48        0x8 FreeRTOS_Source\portable\MemMang\heap_2.o
 .bss.xHeapHasBeenInitialised.5141
                0x20001c50        0x4 FreeRTOS_Source\portable\MemMang\heap_2.o
 .bss.pxCurrentTCB
                0x20001c54        0x4 FreeRTOS_Source\tasks.o
                0x20001c54                pxCurrentTCB
 .bss.pxReadyTasksLists
                0x20001c58       0x64 FreeRTOS_Source\tasks.o
 .bss.xDelayedTaskList1
                0x20001cbc       0x14 FreeRTOS_Source\tasks.o
 .bss.xDelayedTaskList2
                0x20001cd0       0x14 FreeRTOS_Source\tasks.o
 .bss.pxDelayedTaskList
                0x20001ce4        0x4 FreeRTOS_Source\tasks.o
 .bss.pxOverflowDelayedTaskList
                0x20001ce8        0x4 FreeRTOS_Source\tasks.o
 .bss.xPendingReadyList
                0x20001cec       0x14 FreeRTOS_Source\tasks.o
 .bss.xTasksWaitingTermination
                0x20001d00       0x14 FreeRTOS_Source\tasks.o
 .bss.uxDeletedTasksWaitingCleanUp
                0x20001d14        0x4 FreeRTOS_Source\tasks.o
 .bss.xSuspendedTaskList
                0x20001d18       0x14 FreeRTOS_Source\tasks.o
 .bss.uxCurrentNumberOfTasks
                0x20001d2c        0x4 FreeRTOS_Source\tasks.o
 .bss.xTickCount
                0x20001d30        0x4 FreeRTOS_Source\tasks.o
 .bss.uxTopReadyPriority
                0x20001d34        0x4 FreeRTOS_Source\tasks.o
 .bss.xSchedulerRunning
                0x20001d38        0x4 FreeRTOS_Source\tasks.o
 .bss.xPendedTicks
                0x20001d3c        0x4 FreeRTOS_Source\tasks.o
 .bss.xYieldPending
                0x20001d40        0x4 FreeRTOS_Source\tasks.o
 .bss.xNumOfOverflows
                0x20001d44        0x4 FreeRTOS_Source\tasks.o
 .bss.uxTaskNumber
                0x20001d48        0x4 FreeRTOS_Source\tasks.o
 .bss.xNextTaskUnblockTime
                0x20001d4c        0x4 FreeRTOS_Source\tasks.o
 .bss.xIdleTaskHandle
                0x20001d50        0x4 FreeRTOS_Source\tasks.o
 .bss.uxSchedulerSuspended
                0x20001d54        0x4 FreeRTOS_Source\tasks.o
 .bss.xActiveTimerList1
                0x20001d58       0x14 FreeRTOS_Source\timers.o
 .bss.xActiveTimerList2
                0x20001d6c       0x14 FreeRTOS_Source\timers.o
 .bss.pxCurrentTimerList
                0x20001d80        0x4 FreeRTOS_Source\timers.o
 .bss.pxOverflowTimerList
                0x20001d84        0x4 FreeRTOS_Source\timers.o
 .bss.xTimerQueue
                0x20001d88        0x4 FreeRTOS_Source\timers.o
 .bss.xTimerTaskHandle
                0x20001d8c        0x4 FreeRTOS_Source\timers.o
 .bss.xLastTime.5440
                0x20001d90        0x4 FreeRTOS_Source\timers.o
 .bss.elapsed_ms
                0x20001d94        0x4 src\timer_config.o
                0x20001d94                elapsed_ms
 .bss.timeOutTimerStatus
                0x20001d98        0x1 src\timer_config.o
                0x20001d98                timeOutTimerStatus
 *fill*         0x20001d99        0x3 
 .bss.timeOutTimerAlarmTime
                0x20001d9c        0x4 src\timer_config.o
                0x20001d9c                timeOutTimerAlarmTime
 .bss.timeOutTimerStartTime
                0x20001da0        0x4 src\timer_config.o
                0x20001da0                timeOutTimerStartTime
 .bss.timeOutTimerAlarmStatus
                0x20001da4        0x1 src\timer_config.o
                0x20001da4                timeOutTimerAlarmStatus
 *(COMMON)
                0x20001da8                . = ALIGN (0x4)
 *fill*         0x20001da5        0x3 
                0x20001da8                _ebss = .
                0x20001da8                __bss_end__ = _ebss

._user_heap_stack
                0x20001da8       0x80 load address 0x08006b3c
                0x20001da8                . = ALIGN (0x4)
                [!provide]                PROVIDE (end, .)
                [!provide]                PROVIDE (_end, .)
                0x20001da8                . = (. + _Min_Heap_Size)
                0x20001e28                . = (. + _Min_Stack_Size)
 *fill*         0x20001da8       0x80 
                0x20001e28                . = ALIGN (0x4)

.memory_b1_text
 *(.mb1text)
 *(.mb1text*)
 *(.mb1rodata)
 *(.mb1rodata*)

/DISCARD/
 libc.a(*)
 libm.a(*)
 libgcc.a(*)

.ARM.attributes
                0x00000000       0x29
 *(.ARM.attributes)
 .ARM.attributes
                0x00000000       0x1d c:/program files (x86)/atollic/truestudio for stm32 9.0.1/armtools/bin/../lib/gcc/arm-atollic-eabi/6.3.1/armv7-m/crti.o
 .ARM.attributes
                0x0000001d       0x2d c:/program files (x86)/atollic/truestudio for stm32 9.0.1/armtools/bin/../lib/gcc/arm-atollic-eabi/6.3.1/armv7-m/crtbegin.o
 .ARM.attributes
                0x0000004a       0x33 FreeRTOS_Source\list.o
 .ARM.attributes
                0x0000007d       0x33 FreeRTOS_Source\portable\GCC\ARM_CM3\port.o
 .ARM.attributes
                0x000000b0       0x33 FreeRTOS_Source\portable\MemMang\heap_2.o
 .ARM.attributes
                0x000000e3       0x33 FreeRTOS_Source\queue.o
 .ARM.attributes
                0x00000116       0x33 FreeRTOS_Source\tasks.o
 .ARM.attributes
                0x00000149       0x33 FreeRTOS_Source\timers.o
 .ARM.attributes
                0x0000017c       0x33 Libraries\STM32F10x_StdPeriph_Driver\src\misc.o
 .ARM.attributes
                0x000001af       0x33 Libraries\STM32F10x_StdPeriph_Driver\src\stm32f10x_gpio.o
 .ARM.attributes
                0x000001e2       0x33 Libraries\STM32F10x_StdPeriph_Driver\src\stm32f10x_i2c.o
 .ARM.attributes
                0x00000215       0x33 Libraries\STM32F10x_StdPeriph_Driver\src\stm32f10x_rcc.o
 .ARM.attributes
                0x00000248       0x33 Libraries\STM32F10x_StdPeriph_Driver\src\stm32f10x_tim.o
 .ARM.attributes
                0x0000027b       0x33 Libraries\STM32F10x_StdPeriph_Driver\src\stm32f10x_usart.o
 .ARM.attributes
                0x000002ae       0x33 src\debug.o
 .ARM.attributes
                0x000002e1       0x33 src\gy87_module.o
 .ARM.attributes
                0x00000314       0x33 src\i2c_comm.o
 .ARM.attributes
                0x00000347       0x33 src\main.o
 .ARM.attributes
                0x0000037a       0x33 src\small_printf.o
 .ARM.attributes
                0x000003ad       0x21 src\startup_stm32f10x_md_vl.o
 .ARM.attributes
                0x000003ce       0x33 src\stm32f1xx_it.o
 .ARM.attributes
                0x00000401       0x33 src\system_stm32f10x.o
 .ARM.attributes
                0x00000434       0x33 src\timer_config.o
 .ARM.attributes
                0x00000467       0x33 src\uart_comm.o
 .ARM.attributes
                0x0000049a       0x2d c:/program files (x86)/atollic/truestudio for stm32 9.0.1/armtools/bin/../lib/gcc/arm-atollic-eabi/6.3.1/../../../../arm-atollic-eabi/lib/armv7-m\libc_nano.a(lib_a-init.o)
 .ARM.attributes
                0x000004c7       0x2d c:/program files (x86)/atollic/truestudio for stm32 9.0.1/armtools/bin/../lib/gcc/arm-atollic-eabi/6.3.1/../../../../arm-atollic-eabi/lib/armv7-m\libc_nano.a(lib_a-memcpy-stub.o)
 .ARM.attributes
                0x000004f4       0x2d c:/program files (x86)/atollic/truestudio for stm32 9.0.1/armtools/bin/../lib/gcc/arm-atollic-eabi/6.3.1/../../../../arm-atollic-eabi/lib/armv7-m\libc_nano.a(lib_a-memset.o)
 .ARM.attributes
                0x00000521       0x1d c:/program files (x86)/atollic/truestudio for stm32 9.0.1/armtools/bin/../lib/gcc/arm-atollic-eabi/6.3.1/armv7-m\libgcc.a(_arm_addsubdf3.o)
 .ARM.attributes
                0x0000053e       0x1d c:/program files (x86)/atollic/truestudio for stm32 9.0.1/armtools/bin/../lib/gcc/arm-atollic-eabi/6.3.1/armv7-m\libgcc.a(_arm_muldivdf3.o)
 .ARM.attributes
                0x0000055b       0x1d c:/program files (x86)/atollic/truestudio for stm32 9.0.1/armtools/bin/../lib/gcc/arm-atollic-eabi/6.3.1/armv7-m\libgcc.a(_arm_cmpdf2.o)
 .ARM.attributes
                0x00000578       0x1d c:/program files (x86)/atollic/truestudio for stm32 9.0.1/armtools/bin/../lib/gcc/arm-atollic-eabi/6.3.1/armv7-m\libgcc.a(_arm_fixdfsi.o)
 .ARM.attributes
                0x00000595       0x1d c:/program files (x86)/atollic/truestudio for stm32 9.0.1/armtools/bin/../lib/gcc/arm-atollic-eabi/6.3.1/armv7-m\libgcc.a(_arm_fixunsdfsi.o)
 .ARM.attributes
                0x000005b2       0x1d c:/program files (x86)/atollic/truestudio for stm32 9.0.1/armtools/bin/../lib/gcc/arm-atollic-eabi/6.3.1/armv7-m\libgcc.a(_aeabi_uldivmod.o)
 .ARM.attributes
                0x000005cf       0x2d c:/program files (x86)/atollic/truestudio for stm32 9.0.1/armtools/bin/../lib/gcc/arm-atollic-eabi/6.3.1/armv7-m\libgcc.a(_udivmoddi4.o)
 .ARM.attributes
                0x000005fc       0x1d c:/program files (x86)/atollic/truestudio for stm32 9.0.1/armtools/bin/../lib/gcc/arm-atollic-eabi/6.3.1/armv7-m\libgcc.a(_dvmd_tls.o)
 .ARM.attributes
                0x00000619       0x1d c:/program files (x86)/atollic/truestudio for stm32 9.0.1/armtools/bin/../lib/gcc/arm-atollic-eabi/6.3.1/armv7-m/crtn.o
OUTPUT(quadcopter_project.elf elf32-littlearm)

.debug_info     0x00000000     0xee83
 .debug_info    0x00000000      0xac3 FreeRTOS_Source\list.o
 .debug_info    0x00000ac3      0x4ca FreeRTOS_Source\portable\GCC\ARM_CM3\port.o
 .debug_info    0x00000f8d      0xb01 FreeRTOS_Source\portable\MemMang\heap_2.o
 .debug_info    0x00001a8e     0x1bfd FreeRTOS_Source\queue.o
 .debug_info    0x0000368b     0x242f FreeRTOS_Source\tasks.o
 .debug_info    0x00005aba     0x1456 FreeRTOS_Source\timers.o
 .debug_info    0x00006f10      0x54d Libraries\STM32F10x_StdPeriph_Driver\src\misc.o
 .debug_info    0x0000745d      0x701 Libraries\STM32F10x_StdPeriph_Driver\src\stm32f10x_gpio.o
 .debug_info    0x00007b5e      0xb17 Libraries\STM32F10x_StdPeriph_Driver\src\stm32f10x_i2c.o
 .debug_info    0x00008675      0x91f Libraries\STM32F10x_StdPeriph_Driver\src\stm32f10x_rcc.o
 .debug_info    0x00008f94     0x1c6b Libraries\STM32F10x_StdPeriph_Driver\src\stm32f10x_tim.o
 .debug_info    0x0000abff      0x9fb Libraries\STM32F10x_StdPeriph_Driver\src\stm32f10x_usart.o
 .debug_info    0x0000b5fa      0x22b src\debug.o
 .debug_info    0x0000b825      0x4e0 src\gy87_module.o
 .debug_info    0x0000bd05      0x4d4 src\i2c_comm.o
 .debug_info    0x0000c1d9      0xbd6 src\main.o
 .debug_info    0x0000cdaf      0xe92 src\small_printf.o
 .debug_info    0x0000dc41       0x86 src\startup_stm32f10x_md_vl.o
 .debug_info    0x0000dcc7      0x121 src\stm32f1xx_it.o
 .debug_info    0x0000dde8      0x448 src\system_stm32f10x.o
 .debug_info    0x0000e230      0x8e1 src\timer_config.o
 .debug_info    0x0000eb11      0x372 src\uart_comm.o

.debug_abbrev   0x00000000     0x25e2
 .debug_abbrev  0x00000000      0x1cc FreeRTOS_Source\list.o
 .debug_abbrev  0x000001cc      0x1f1 FreeRTOS_Source\portable\GCC\ARM_CM3\port.o
 .debug_abbrev  0x000003bd      0x241 FreeRTOS_Source\portable\MemMang\heap_2.o
 .debug_abbrev  0x000005fe      0x2df FreeRTOS_Source\queue.o
 .debug_abbrev  0x000008dd      0x344 FreeRTOS_Source\tasks.o
 .debug_abbrev  0x00000c21      0x2ab FreeRTOS_Source\timers.o
 .debug_abbrev  0x00000ecc      0x172 Libraries\STM32F10x_StdPeriph_Driver\src\misc.o
 .debug_abbrev  0x0000103e      0x1dd Libraries\STM32F10x_StdPeriph_Driver\src\stm32f10x_gpio.o
 .debug_abbrev  0x0000121b      0x191 Libraries\STM32F10x_StdPeriph_Driver\src\stm32f10x_i2c.o
 .debug_abbrev  0x000013ac      0x1cf Libraries\STM32F10x_StdPeriph_Driver\src\stm32f10x_rcc.o
 .debug_abbrev  0x0000157b      0x1c3 Libraries\STM32F10x_StdPeriph_Driver\src\stm32f10x_tim.o
 .debug_abbrev  0x0000173e      0x18f Libraries\STM32F10x_StdPeriph_Driver\src\stm32f10x_usart.o
 .debug_abbrev  0x000018cd      0x102 src\debug.o
 .debug_abbrev  0x000019cf      0x123 src\gy87_module.o
 .debug_abbrev  0x00001af2      0x145 src\i2c_comm.o
 .debug_abbrev  0x00001c37      0x286 src\main.o
 .debug_abbrev  0x00001ebd      0x266 src\small_printf.o
 .debug_abbrev  0x00002123       0x12 src\startup_stm32f10x_md_vl.o
 .debug_abbrev  0x00002135       0x78 src\stm32f1xx_it.o
 .debug_abbrev  0x000021ad      0x16e src\system_stm32f10x.o
 .debug_abbrev  0x0000231b      0x1b6 src\timer_config.o
 .debug_abbrev  0x000024d1      0x111 src\uart_comm.o

.debug_aranges  0x00000000      0xe98
 .debug_aranges
                0x00000000       0x40 FreeRTOS_Source\list.o
 .debug_aranges
                0x00000040       0x78 FreeRTOS_Source\portable\GCC\ARM_CM3\port.o
 .debug_aranges
                0x000000b8       0x40 FreeRTOS_Source\portable\MemMang\heap_2.o
 .debug_aranges
                0x000000f8       0xe8 FreeRTOS_Source\queue.o
 .debug_aranges
                0x000001e0      0x1c0 FreeRTOS_Source\tasks.o
 .debug_aranges
                0x000003a0       0xc8 FreeRTOS_Source\timers.o
 .debug_aranges
                0x00000468       0x40 Libraries\STM32F10x_StdPeriph_Driver\src\misc.o
 .debug_aranges
                0x000004a8       0xa8 Libraries\STM32F10x_StdPeriph_Driver\src\stm32f10x_gpio.o
 .debug_aranges
                0x00000550      0x120 Libraries\STM32F10x_StdPeriph_Driver\src\stm32f10x_i2c.o
 .debug_aranges
                0x00000670      0x120 Libraries\STM32F10x_StdPeriph_Driver\src\stm32f10x_rcc.o
 .debug_aranges
                0x00000790      0x2f0 Libraries\STM32F10x_StdPeriph_Driver\src\stm32f10x_tim.o
 .debug_aranges
                0x00000a80      0x100 Libraries\STM32F10x_StdPeriph_Driver\src\stm32f10x_usart.o
 .debug_aranges
                0x00000b80       0x20 src\debug.o
 .debug_aranges
                0x00000ba0       0x80 src\gy87_module.o
 .debug_aranges
                0x00000c20       0x38 src\i2c_comm.o
 .debug_aranges
                0x00000c58       0x50 src\main.o
 .debug_aranges
                0x00000ca8       0xc0 src\small_printf.o
 .debug_aranges
                0x00000d68       0x28 src\startup_stm32f10x_md_vl.o
 .debug_aranges
                0x00000d90       0x48 src\stm32f1xx_it.o
 .debug_aranges
                0x00000dd8       0x38 src\system_stm32f10x.o
 .debug_aranges
                0x00000e10       0x68 src\timer_config.o
 .debug_aranges
                0x00000e78       0x20 src\uart_comm.o

.debug_ranges   0x00000000      0xd40
 .debug_ranges  0x00000000       0x30 FreeRTOS_Source\list.o
 .debug_ranges  0x00000030       0x68 FreeRTOS_Source\portable\GCC\ARM_CM3\port.o
 .debug_ranges  0x00000098       0x30 FreeRTOS_Source\portable\MemMang\heap_2.o
 .debug_ranges  0x000000c8       0xd8 FreeRTOS_Source\queue.o
 .debug_ranges  0x000001a0      0x1b0 FreeRTOS_Source\tasks.o
 .debug_ranges  0x00000350       0xb8 FreeRTOS_Source\timers.o
 .debug_ranges  0x00000408       0x30 Libraries\STM32F10x_StdPeriph_Driver\src\misc.o
 .debug_ranges  0x00000438       0x98 Libraries\STM32F10x_StdPeriph_Driver\src\stm32f10x_gpio.o
 .debug_ranges  0x000004d0      0x110 Libraries\STM32F10x_StdPeriph_Driver\src\stm32f10x_i2c.o
 .debug_ranges  0x000005e0      0x110 Libraries\STM32F10x_StdPeriph_Driver\src\stm32f10x_rcc.o
 .debug_ranges  0x000006f0      0x2e0 Libraries\STM32F10x_StdPeriph_Driver\src\stm32f10x_tim.o
 .debug_ranges  0x000009d0       0xf0 Libraries\STM32F10x_StdPeriph_Driver\src\stm32f10x_usart.o
 .debug_ranges  0x00000ac0       0x10 src\debug.o
 .debug_ranges  0x00000ad0       0x70 src\gy87_module.o
 .debug_ranges  0x00000b40       0x28 src\i2c_comm.o
 .debug_ranges  0x00000b68       0x40 src\main.o
 .debug_ranges  0x00000ba8       0xb0 src\small_printf.o
 .debug_ranges  0x00000c58       0x20 src\startup_stm32f10x_md_vl.o
 .debug_ranges  0x00000c78       0x38 src\stm32f1xx_it.o
 .debug_ranges  0x00000cb0       0x28 src\system_stm32f10x.o
 .debug_ranges  0x00000cd8       0x58 src\timer_config.o
 .debug_ranges  0x00000d30       0x10 src\uart_comm.o

.debug_line     0x00000000     0x69b3
 .debug_line    0x00000000      0x36c FreeRTOS_Source\list.o
 .debug_line    0x0000036c      0x3d9 FreeRTOS_Source\portable\GCC\ARM_CM3\port.o
 .debug_line    0x00000745      0x35a FreeRTOS_Source\portable\MemMang\heap_2.o
 .debug_line    0x00000a9f      0xb40 FreeRTOS_Source\queue.o
 .debug_line    0x000015df      0xe90 FreeRTOS_Source\tasks.o
 .debug_line    0x0000246f      0x6e4 FreeRTOS_Source\timers.o
 .debug_line    0x00002b53      0x25c Libraries\STM32F10x_StdPeriph_Driver\src\misc.o
 .debug_line    0x00002daf      0x3e9 Libraries\STM32F10x_StdPeriph_Driver\src\stm32f10x_gpio.o
 .debug_line    0x00003198      0x4fe Libraries\STM32F10x_StdPeriph_Driver\src\stm32f10x_i2c.o
 .debug_line    0x00003696      0x4f4 Libraries\STM32F10x_StdPeriph_Driver\src\stm32f10x_rcc.o
 .debug_line    0x00003b8a      0xb69 Libraries\STM32F10x_StdPeriph_Driver\src\stm32f10x_tim.o
 .debug_line    0x000046f3      0x4cb Libraries\STM32F10x_StdPeriph_Driver\src\stm32f10x_usart.o
 .debug_line    0x00004bbe      0x1e7 src\debug.o
 .debug_line    0x00004da5      0x330 src\gy87_module.o
 .debug_line    0x000050d5      0x29e src\i2c_comm.o
 .debug_line    0x00005373      0x4a2 src\main.o
 .debug_line    0x00005815      0x7d2 src\small_printf.o
 .debug_line    0x00005fe7       0x7f src\startup_stm32f10x_md_vl.o
 .debug_line    0x00006066      0x1fd src\stm32f1xx_it.o
 .debug_line    0x00006263      0x243 src\system_stm32f10x.o
 .debug_line    0x000064a6      0x303 src\timer_config.o
 .debug_line    0x000067a9      0x20a src\uart_comm.o

.debug_str      0x00000000     0x490f
 .debug_str     0x00000000      0x684 FreeRTOS_Source\list.o
                                0x716 (size before relaxing)
 .debug_str     0x00000684      0x265 FreeRTOS_Source\portable\GCC\ARM_CM3\port.o
                                0x426 (size before relaxing)
 .debug_str     0x000008e9      0x190 FreeRTOS_Source\portable\MemMang\heap_2.o
                                0x77e (size before relaxing)
 .debug_str     0x00000a79      0x554 FreeRTOS_Source\queue.o
                                0xc61 (size before relaxing)
 .debug_str     0x00000fcd      0xa85 FreeRTOS_Source\tasks.o
                               0x12a1 (size before relaxing)
 .debug_str     0x00001a52      0x439 FreeRTOS_Source\timers.o
                                0xb9e (size before relaxing)
 .debug_str     0x00001e8b      0x29a Libraries\STM32F10x_StdPeriph_Driver\src\misc.o
                                0x43a (size before relaxing)
 .debug_str     0x00002125      0x388 Libraries\STM32F10x_StdPeriph_Driver\src\stm32f10x_gpio.o
                                0x595 (size before relaxing)
 .debug_str     0x000024ad      0x467 Libraries\STM32F10x_StdPeriph_Driver\src\stm32f10x_i2c.o
                                0x6e2 (size before relaxing)
 .debug_str     0x00002914      0x419 Libraries\STM32F10x_StdPeriph_Driver\src\stm32f10x_rcc.o
                                0x6e9 (size before relaxing)
 .debug_str     0x00002d2d      0xb80 Libraries\STM32F10x_StdPeriph_Driver\src\stm32f10x_tim.o
                                0xe59 (size before relaxing)
 .debug_str     0x000038ad      0x42a Libraries\STM32F10x_StdPeriph_Driver\src\stm32f10x_usart.o
                                0x70c (size before relaxing)
 .debug_str     0x00003cd7       0x31 src\debug.o
                                0x326 (size before relaxing)
 .debug_str     0x00003d08      0x28f src\gy87_module.o
                                0x48c (size before relaxing)
 .debug_str     0x00003f97       0xb0 src\i2c_comm.o
                                0x4d2 (size before relaxing)
 .debug_str     0x00004047      0x161 src\main.o
                                0x833 (size before relaxing)
 .debug_str     0x000041a8      0x1ac src\small_printf.o
                                0x450 (size before relaxing)
 .debug_str     0x00004354       0x7b src\stm32f1xx_it.o
                                0x230 (size before relaxing)
 .debug_str     0x000043cf       0x57 src\system_stm32f10x.o
                                0x322 (size before relaxing)
 .debug_str     0x00004426      0x4a7 src\timer_config.o
                                0xa55 (size before relaxing)
 .debug_str     0x000048cd       0x42 src\uart_comm.o
                                0x416 (size before relaxing)

.comment        0x00000000       0x7c
 .comment       0x00000000       0x7c FreeRTOS_Source\list.o
                                 0x7d (size before relaxing)
 .comment       0x0000007c       0x7d FreeRTOS_Source\portable\GCC\ARM_CM3\port.o
 .comment       0x0000007c       0x7d FreeRTOS_Source\portable\MemMang\heap_2.o
 .comment       0x0000007c       0x7d FreeRTOS_Source\queue.o
 .comment       0x0000007c       0x7d FreeRTOS_Source\tasks.o
 .comment       0x0000007c       0x7d FreeRTOS_Source\timers.o
 .comment       0x0000007c       0x7d Libraries\STM32F10x_StdPeriph_Driver\src\misc.o
 .comment       0x0000007c       0x7d Libraries\STM32F10x_StdPeriph_Driver\src\stm32f10x_gpio.o
 .comment       0x0000007c       0x7d Libraries\STM32F10x_StdPeriph_Driver\src\stm32f10x_i2c.o
 .comment       0x0000007c       0x7d Libraries\STM32F10x_StdPeriph_Driver\src\stm32f10x_rcc.o
 .comment       0x0000007c       0x7d Libraries\STM32F10x_StdPeriph_Driver\src\stm32f10x_tim.o
 .comment       0x0000007c       0x7d Libraries\STM32F10x_StdPeriph_Driver\src\stm32f10x_usart.o
 .comment       0x0000007c       0x7d src\debug.o
 .comment       0x0000007c       0x7d src\gy87_module.o
 .comment       0x0000007c       0x7d src\i2c_comm.o
 .comment       0x0000007c       0x7d src\main.o
 .comment       0x0000007c       0x7d src\small_printf.o
 .comment       0x0000007c       0x7d src\stm32f1xx_it.o
 .comment       0x0000007c       0x7d src\system_stm32f10x.o
 .comment       0x0000007c       0x7d src\timer_config.o
 .comment       0x0000007c       0x7d src\uart_comm.o

.debug_frame    0x00000000     0x3fa4
 .debug_frame   0x00000000       0xd8 FreeRTOS_Source\list.o
 .debug_frame   0x000000d8      0x198 FreeRTOS_Source\portable\GCC\ARM_CM3\port.o
 .debug_frame   0x00000270       0xc0 FreeRTOS_Source\portable\MemMang\heap_2.o
 .debug_frame   0x00000330      0x3cc FreeRTOS_Source\queue.o
 .debug_frame   0x000006fc      0x790 FreeRTOS_Source\tasks.o
 .debug_frame   0x00000e8c      0x33c FreeRTOS_Source\timers.o
 .debug_frame   0x000011c8       0xd8 Libraries\STM32F10x_StdPeriph_Driver\src\misc.o
 .debug_frame   0x000012a0      0x2d0 Libraries\STM32F10x_StdPeriph_Driver\src\stm32f10x_gpio.o
 .debug_frame   0x00001570      0x530 Libraries\STM32F10x_StdPeriph_Driver\src\stm32f10x_i2c.o
 .debug_frame   0x00001aa0      0x51c Libraries\STM32F10x_StdPeriph_Driver\src\stm32f10x_rcc.o
 .debug_frame   0x00001fbc      0xe2c Libraries\STM32F10x_StdPeriph_Driver\src\stm32f10x_tim.o
 .debug_frame   0x00002de8      0x490 Libraries\STM32F10x_StdPeriph_Driver\src\stm32f10x_usart.o
 .debug_frame   0x00003278       0x34 src\debug.o
 .debug_frame   0x000032ac      0x1f8 src\gy87_module.o
 .debug_frame   0x000034a4       0xa4 src\i2c_comm.o
 .debug_frame   0x00003548      0x104 src\main.o
 .debug_frame   0x0000364c      0x39c src\small_printf.o
 .debug_frame   0x000039e8       0xb0 src\stm32f1xx_it.o
 .debug_frame   0x00003a98       0x98 src\system_stm32f10x.o
 .debug_frame   0x00003b30      0x164 src\timer_config.o
 .debug_frame   0x00003c94       0x34 src\uart_comm.o
 .debug_frame   0x00003cc8       0x2c c:/program files (x86)/atollic/truestudio for stm32 9.0.1/armtools/bin/../lib/gcc/arm-atollic-eabi/6.3.1/../../../../arm-atollic-eabi/lib/armv7-m\libc_nano.a(lib_a-init.o)
 .debug_frame   0x00003cf4       0x28 c:/program files (x86)/atollic/truestudio for stm32 9.0.1/armtools/bin/../lib/gcc/arm-atollic-eabi/6.3.1/../../../../arm-atollic-eabi/lib/armv7-m\libc_nano.a(lib_a-memcpy-stub.o)
 .debug_frame   0x00003d1c       0x20 c:/program files (x86)/atollic/truestudio for stm32 9.0.1/armtools/bin/../lib/gcc/arm-atollic-eabi/6.3.1/../../../../arm-atollic-eabi/lib/armv7-m\libc_nano.a(lib_a-memset.o)
 .debug_frame   0x00003d3c       0xac c:/program files (x86)/atollic/truestudio for stm32 9.0.1/armtools/bin/../lib/gcc/arm-atollic-eabi/6.3.1/armv7-m\libgcc.a(_arm_addsubdf3.o)
 .debug_frame   0x00003de8       0x50 c:/program files (x86)/atollic/truestudio for stm32 9.0.1/armtools/bin/../lib/gcc/arm-atollic-eabi/6.3.1/armv7-m\libgcc.a(_arm_muldivdf3.o)
 .debug_frame   0x00003e38       0xc4 c:/program files (x86)/atollic/truestudio for stm32 9.0.1/armtools/bin/../lib/gcc/arm-atollic-eabi/6.3.1/armv7-m\libgcc.a(_arm_cmpdf2.o)
 .debug_frame   0x00003efc       0x24 c:/program files (x86)/atollic/truestudio for stm32 9.0.1/armtools/bin/../lib/gcc/arm-atollic-eabi/6.3.1/armv7-m\libgcc.a(_arm_fixdfsi.o)
 .debug_frame   0x00003f20       0x24 c:/program files (x86)/atollic/truestudio for stm32 9.0.1/armtools/bin/../lib/gcc/arm-atollic-eabi/6.3.1/armv7-m\libgcc.a(_arm_fixunsdfsi.o)
 .debug_frame   0x00003f44       0x2c c:/program files (x86)/atollic/truestudio for stm32 9.0.1/armtools/bin/../lib/gcc/arm-atollic-eabi/6.3.1/armv7-m\libgcc.a(_aeabi_uldivmod.o)
 .debug_frame   0x00003f70       0x34 c:/program files (x86)/atollic/truestudio for stm32 9.0.1/armtools/bin/../lib/gcc/arm-atollic-eabi/6.3.1/armv7-m\libgcc.a(_udivmoddi4.o)

Cross Reference Table

Symbol                                            File
ADC1_IRQHandler                                   src\startup_stm32f10x_md_vl.o
ADC_AnalogWatchdogCmd                             Libraries\STM32F10x_StdPeriph_Driver\src\stm32f10x_adc.o
ADC_AnalogWatchdogSingleChannelConfig             Libraries\STM32F10x_StdPeriph_Driver\src\stm32f10x_adc.o
ADC_AnalogWatchdogThresholdsConfig                Libraries\STM32F10x_StdPeriph_Driver\src\stm32f10x_adc.o
ADC_AutoInjectedConvCmd                           Libraries\STM32F10x_StdPeriph_Driver\src\stm32f10x_adc.o
ADC_ClearFlag                                     Libraries\STM32F10x_StdPeriph_Driver\src\stm32f10x_adc.o
ADC_ClearITPendingBit                             Libraries\STM32F10x_StdPeriph_Driver\src\stm32f10x_adc.o
ADC_Cmd                                           Libraries\STM32F10x_StdPeriph_Driver\src\stm32f10x_adc.o
ADC_DMACmd                                        Libraries\STM32F10x_StdPeriph_Driver\src\stm32f10x_adc.o
ADC_DeInit                                        Libraries\STM32F10x_StdPeriph_Driver\src\stm32f10x_adc.o
ADC_DiscModeChannelCountConfig                    Libraries\STM32F10x_StdPeriph_Driver\src\stm32f10x_adc.o
ADC_DiscModeCmd                                   Libraries\STM32F10x_StdPeriph_Driver\src\stm32f10x_adc.o
ADC_ExternalTrigConvCmd                           Libraries\STM32F10x_StdPeriph_Driver\src\stm32f10x_adc.o
ADC_ExternalTrigInjectedConvCmd                   Libraries\STM32F10x_StdPeriph_Driver\src\stm32f10x_adc.o
ADC_ExternalTrigInjectedConvConfig                Libraries\STM32F10x_StdPeriph_Driver\src\stm32f10x_adc.o
ADC_GetCalibrationStatus                          Libraries\STM32F10x_StdPeriph_Driver\src\stm32f10x_adc.o
ADC_GetConversionValue                            Libraries\STM32F10x_StdPeriph_Driver\src\stm32f10x_adc.o
ADC_GetDualModeConversionValue                    Libraries\STM32F10x_StdPeriph_Driver\src\stm32f10x_adc.o
ADC_GetFlagStatus                                 Libraries\STM32F10x_StdPeriph_Driver\src\stm32f10x_adc.o
ADC_GetITStatus                                   Libraries\STM32F10x_StdPeriph_Driver\src\stm32f10x_adc.o
ADC_GetInjectedConversionValue                    Libraries\STM32F10x_StdPeriph_Driver\src\stm32f10x_adc.o
ADC_GetResetCalibrationStatus                     Libraries\STM32F10x_StdPeriph_Driver\src\stm32f10x_adc.o
ADC_GetSoftwareStartConvStatus                    Libraries\STM32F10x_StdPeriph_Driver\src\stm32f10x_adc.o
ADC_GetSoftwareStartInjectedConvCmdStatus         Libraries\STM32F10x_StdPeriph_Driver\src\stm32f10x_adc.o
ADC_ITConfig                                      Libraries\STM32F10x_StdPeriph_Driver\src\stm32f10x_adc.o
ADC_Init                                          Libraries\STM32F10x_StdPeriph_Driver\src\stm32f10x_adc.o
ADC_InjectedChannelConfig                         Libraries\STM32F10x_StdPeriph_Driver\src\stm32f10x_adc.o
ADC_InjectedDiscModeCmd                           Libraries\STM32F10x_StdPeriph_Driver\src\stm32f10x_adc.o
ADC_InjectedSequencerLengthConfig                 Libraries\STM32F10x_StdPeriph_Driver\src\stm32f10x_adc.o
ADC_RegularChannelConfig                          Libraries\STM32F10x_StdPeriph_Driver\src\stm32f10x_adc.o
ADC_ResetCalibration                              Libraries\STM32F10x_StdPeriph_Driver\src\stm32f10x_adc.o
ADC_SetInjectedOffset                             Libraries\STM32F10x_StdPeriph_Driver\src\stm32f10x_adc.o
ADC_SoftwareStartConvCmd                          Libraries\STM32F10x_StdPeriph_Driver\src\stm32f10x_adc.o
ADC_SoftwareStartInjectedConvCmd                  Libraries\STM32F10x_StdPeriph_Driver\src\stm32f10x_adc.o
ADC_StartCalibration                              Libraries\STM32F10x_StdPeriph_Driver\src\stm32f10x_adc.o
ADC_StructInit                                    Libraries\STM32F10x_StdPeriph_Driver\src\stm32f10x_adc.o
ADC_TempSensorVrefintCmd                          Libraries\STM32F10x_StdPeriph_Driver\src\stm32f10x_adc.o
AHBPrescTable                                     src\system_stm32f10x.o
BKP_ClearFlag                                     Libraries\STM32F10x_StdPeriph_Driver\src\stm32f10x_bkp.o
BKP_ClearITPendingBit                             Libraries\STM32F10x_StdPeriph_Driver\src\stm32f10x_bkp.o
BKP_DeInit                                        Libraries\STM32F10x_StdPeriph_Driver\src\stm32f10x_bkp.o
BKP_GetFlagStatus                                 Libraries\STM32F10x_StdPeriph_Driver\src\stm32f10x_bkp.o
BKP_GetITStatus                                   Libraries\STM32F10x_StdPeriph_Driver\src\stm32f10x_bkp.o
BKP_ITConfig                                      Libraries\STM32F10x_StdPeriph_Driver\src\stm32f10x_bkp.o
BKP_RTCOutputConfig                               Libraries\STM32F10x_StdPeriph_Driver\src\stm32f10x_bkp.o
BKP_ReadBackupRegister                            Libraries\STM32F10x_StdPeriph_Driver\src\stm32f10x_bkp.o
BKP_SetRTCCalibrationValue                        Libraries\STM32F10x_StdPeriph_Driver\src\stm32f10x_bkp.o
BKP_TamperPinCmd                                  Libraries\STM32F10x_StdPeriph_Driver\src\stm32f10x_bkp.o
BKP_TamperPinLevelConfig                          Libraries\STM32F10x_StdPeriph_Driver\src\stm32f10x_bkp.o
BKP_WriteBackupRegister                           Libraries\STM32F10x_StdPeriph_Driver\src\stm32f10x_bkp.o
BusFault_Handler                                  src\stm32f1xx_it.o
                                                  src\startup_stm32f10x_md_vl.o
CAN_CancelTransmit                                Libraries\STM32F10x_StdPeriph_Driver\src\stm32f10x_can.o
CAN_ClearFlag                                     Libraries\STM32F10x_StdPeriph_Driver\src\stm32f10x_can.o
CAN_ClearITPendingBit                             Libraries\STM32F10x_StdPeriph_Driver\src\stm32f10x_can.o
CAN_DBGFreeze                                     Libraries\STM32F10x_StdPeriph_Driver\src\stm32f10x_can.o
CAN_DeInit                                        Libraries\STM32F10x_StdPeriph_Driver\src\stm32f10x_can.o
CAN_FIFORelease                                   Libraries\STM32F10x_StdPeriph_Driver\src\stm32f10x_can.o
CAN_FilterInit                                    Libraries\STM32F10x_StdPeriph_Driver\src\stm32f10x_can.o
CAN_GetFlagStatus                                 Libraries\STM32F10x_StdPeriph_Driver\src\stm32f10x_can.o
CAN_GetITStatus                                   Libraries\STM32F10x_StdPeriph_Driver\src\stm32f10x_can.o
CAN_GetLSBTransmitErrorCounter                    Libraries\STM32F10x_StdPeriph_Driver\src\stm32f10x_can.o
CAN_GetLastErrorCode                              Libraries\STM32F10x_StdPeriph_Driver\src\stm32f10x_can.o
CAN_GetReceiveErrorCounter                        Libraries\STM32F10x_StdPeriph_Driver\src\stm32f10x_can.o
CAN_ITConfig                                      Libraries\STM32F10x_StdPeriph_Driver\src\stm32f10x_can.o
CAN_Init                                          Libraries\STM32F10x_StdPeriph_Driver\src\stm32f10x_can.o
CAN_MessagePending                                Libraries\STM32F10x_StdPeriph_Driver\src\stm32f10x_can.o
CAN_OperatingModeRequest                          Libraries\STM32F10x_StdPeriph_Driver\src\stm32f10x_can.o
CAN_Receive                                       Libraries\STM32F10x_StdPeriph_Driver\src\stm32f10x_can.o
CAN_SlaveStartBank                                Libraries\STM32F10x_StdPeriph_Driver\src\stm32f10x_can.o
CAN_Sleep                                         Libraries\STM32F10x_StdPeriph_Driver\src\stm32f10x_can.o
CAN_StructInit                                    Libraries\STM32F10x_StdPeriph_Driver\src\stm32f10x_can.o
CAN_TTComModeCmd                                  Libraries\STM32F10x_StdPeriph_Driver\src\stm32f10x_can.o
CAN_Transmit                                      Libraries\STM32F10x_StdPeriph_Driver\src\stm32f10x_can.o
CAN_TransmitStatus                                Libraries\STM32F10x_StdPeriph_Driver\src\stm32f10x_can.o
CAN_WakeUp                                        Libraries\STM32F10x_StdPeriph_Driver\src\stm32f10x_can.o
CEC_ClearFlag                                     Libraries\STM32F10x_StdPeriph_Driver\src\stm32f10x_cec.o
CEC_ClearITPendingBit                             Libraries\STM32F10x_StdPeriph_Driver\src\stm32f10x_cec.o
CEC_Cmd                                           Libraries\STM32F10x_StdPeriph_Driver\src\stm32f10x_cec.o
CEC_DeInit                                        Libraries\STM32F10x_StdPeriph_Driver\src\stm32f10x_cec.o
CEC_EndOfMessageCmd                               Libraries\STM32F10x_StdPeriph_Driver\src\stm32f10x_cec.o
CEC_GetFlagStatus                                 Libraries\STM32F10x_StdPeriph_Driver\src\stm32f10x_cec.o
CEC_GetITStatus                                   Libraries\STM32F10x_StdPeriph_Driver\src\stm32f10x_cec.o
CEC_IRQHandler                                    src\startup_stm32f10x_md_vl.o
CEC_ITConfig                                      Libraries\STM32F10x_StdPeriph_Driver\src\stm32f10x_cec.o
CEC_Init                                          Libraries\STM32F10x_StdPeriph_Driver\src\stm32f10x_cec.o
CEC_OwnAddressConfig                              Libraries\STM32F10x_StdPeriph_Driver\src\stm32f10x_cec.o
CEC_ReceiveDataByte                               Libraries\STM32F10x_StdPeriph_Driver\src\stm32f10x_cec.o
CEC_SendDataByte                                  Libraries\STM32F10x_StdPeriph_Driver\src\stm32f10x_cec.o
CEC_SetPrescaler                                  Libraries\STM32F10x_StdPeriph_Driver\src\stm32f10x_cec.o
CEC_StartOfMessage                                Libraries\STM32F10x_StdPeriph_Driver\src\stm32f10x_cec.o
CRC_CalcBlockCRC                                  Libraries\STM32F10x_StdPeriph_Driver\src\stm32f10x_crc.o
CRC_CalcCRC                                       Libraries\STM32F10x_StdPeriph_Driver\src\stm32f10x_crc.o
CRC_GetCRC                                        Libraries\STM32F10x_StdPeriph_Driver\src\stm32f10x_crc.o
CRC_GetIDRegister                                 Libraries\STM32F10x_StdPeriph_Driver\src\stm32f10x_crc.o
CRC_ResetDR                                       Libraries\STM32F10x_StdPeriph_Driver\src\stm32f10x_crc.o
CRC_SetIDRegister                                 Libraries\STM32F10x_StdPeriph_Driver\src\stm32f10x_crc.o
DAC_ClearFlag                                     Libraries\STM32F10x_StdPeriph_Driver\src\stm32f10x_dac.o
DAC_ClearITPendingBit                             Libraries\STM32F10x_StdPeriph_Driver\src\stm32f10x_dac.o
DAC_Cmd                                           Libraries\STM32F10x_StdPeriph_Driver\src\stm32f10x_dac.o
DAC_DMACmd                                        Libraries\STM32F10x_StdPeriph_Driver\src\stm32f10x_dac.o
DAC_DeInit                                        Libraries\STM32F10x_StdPeriph_Driver\src\stm32f10x_dac.o
DAC_DualSoftwareTriggerCmd                        Libraries\STM32F10x_StdPeriph_Driver\src\stm32f10x_dac.o
DAC_GetDataOutputValue                            Libraries\STM32F10x_StdPeriph_Driver\src\stm32f10x_dac.o
DAC_GetFlagStatus                                 Libraries\STM32F10x_StdPeriph_Driver\src\stm32f10x_dac.o
DAC_GetITStatus                                   Libraries\STM32F10x_StdPeriph_Driver\src\stm32f10x_dac.o
DAC_ITConfig                                      Libraries\STM32F10x_StdPeriph_Driver\src\stm32f10x_dac.o
DAC_Init                                          Libraries\STM32F10x_StdPeriph_Driver\src\stm32f10x_dac.o
DAC_SetChannel1Data                               Libraries\STM32F10x_StdPeriph_Driver\src\stm32f10x_dac.o
DAC_SetChannel2Data                               Libraries\STM32F10x_StdPeriph_Driver\src\stm32f10x_dac.o
DAC_SetDualChannelData                            Libraries\STM32F10x_StdPeriph_Driver\src\stm32f10x_dac.o
DAC_SoftwareTriggerCmd                            Libraries\STM32F10x_StdPeriph_Driver\src\stm32f10x_dac.o
DAC_StructInit                                    Libraries\STM32F10x_StdPeriph_Driver\src\stm32f10x_dac.o
DAC_WaveGenerationCmd                             Libraries\STM32F10x_StdPeriph_Driver\src\stm32f10x_dac.o
DBGMCU_Config                                     Libraries\STM32F10x_StdPeriph_Driver\src\stm32f10x_dbgmcu.o
DBGMCU_GetDEVID                                   Libraries\STM32F10x_StdPeriph_Driver\src\stm32f10x_dbgmcu.o
DBGMCU_GetREVID                                   Libraries\STM32F10x_StdPeriph_Driver\src\stm32f10x_dbgmcu.o
DMA1_Channel1_IRQHandler                          src\startup_stm32f10x_md_vl.o
DMA1_Channel2_IRQHandler                          src\startup_stm32f10x_md_vl.o
DMA1_Channel3_IRQHandler                          src\startup_stm32f10x_md_vl.o
DMA1_Channel4_IRQHandler                          src\startup_stm32f10x_md_vl.o
DMA1_Channel5_IRQHandler                          src\startup_stm32f10x_md_vl.o
DMA1_Channel6_IRQHandler                          src\startup_stm32f10x_md_vl.o
DMA1_Channel7_IRQHandler                          src\startup_stm32f10x_md_vl.o
DMA_ClearFlag                                     Libraries\STM32F10x_StdPeriph_Driver\src\stm32f10x_dma.o
DMA_ClearITPendingBit                             Libraries\STM32F10x_StdPeriph_Driver\src\stm32f10x_dma.o
DMA_Cmd                                           Libraries\STM32F10x_StdPeriph_Driver\src\stm32f10x_dma.o
DMA_DeInit                                        Libraries\STM32F10x_StdPeriph_Driver\src\stm32f10x_dma.o
DMA_GetCurrDataCounter                            Libraries\STM32F10x_StdPeriph_Driver\src\stm32f10x_dma.o
DMA_GetFlagStatus                                 Libraries\STM32F10x_StdPeriph_Driver\src\stm32f10x_dma.o
DMA_GetITStatus                                   Libraries\STM32F10x_StdPeriph_Driver\src\stm32f10x_dma.o
DMA_ITConfig                                      Libraries\STM32F10x_StdPeriph_Driver\src\stm32f10x_dma.o
DMA_Init                                          Libraries\STM32F10x_StdPeriph_Driver\src\stm32f10x_dma.o
DMA_SetCurrDataCounter                            Libraries\STM32F10x_StdPeriph_Driver\src\stm32f10x_dma.o
DMA_StructInit                                    Libraries\STM32F10x_StdPeriph_Driver\src\stm32f10x_dma.o
DebugMon_Handler                                  src\stm32f1xx_it.o
                                                  src\startup_stm32f10x_md_vl.o
Default_Handler                                   src\startup_stm32f10x_md_vl.o
EXTI0_IRQHandler                                  src\startup_stm32f10x_md_vl.o
EXTI15_10_IRQHandler                              src\startup_stm32f10x_md_vl.o
EXTI1_IRQHandler                                  src\startup_stm32f10x_md_vl.o
EXTI2_IRQHandler                                  src\startup_stm32f10x_md_vl.o
EXTI3_IRQHandler                                  src\startup_stm32f10x_md_vl.o
EXTI4_IRQHandler                                  src\startup_stm32f10x_md_vl.o
EXTI9_5_IRQHandler                                src\startup_stm32f10x_md_vl.o
EXTI_ClearFlag                                    Libraries\STM32F10x_StdPeriph_Driver\src\stm32f10x_exti.o
EXTI_ClearITPendingBit                            Libraries\STM32F10x_StdPeriph_Driver\src\stm32f10x_exti.o
EXTI_DeInit                                       Libraries\STM32F10x_StdPeriph_Driver\src\stm32f10x_exti.o
EXTI_GenerateSWInterrupt                          Libraries\STM32F10x_StdPeriph_Driver\src\stm32f10x_exti.o
EXTI_GetFlagStatus                                Libraries\STM32F10x_StdPeriph_Driver\src\stm32f10x_exti.o
EXTI_GetITStatus                                  Libraries\STM32F10x_StdPeriph_Driver\src\stm32f10x_exti.o
EXTI_Init                                         Libraries\STM32F10x_StdPeriph_Driver\src\stm32f10x_exti.o
EXTI_StructInit                                   Libraries\STM32F10x_StdPeriph_Driver\src\stm32f10x_exti.o
FLASH_ClearFlag                                   Libraries\STM32F10x_StdPeriph_Driver\src\stm32f10x_flash.o
FLASH_EnableWriteProtection                       Libraries\STM32F10x_StdPeriph_Driver\src\stm32f10x_flash.o
FLASH_EraseAllBank1Pages                          Libraries\STM32F10x_StdPeriph_Driver\src\stm32f10x_flash.o
FLASH_EraseAllPages                               Libraries\STM32F10x_StdPeriph_Driver\src\stm32f10x_flash.o
FLASH_EraseOptionBytes                            Libraries\STM32F10x_StdPeriph_Driver\src\stm32f10x_flash.o
FLASH_ErasePage                                   Libraries\STM32F10x_StdPeriph_Driver\src\stm32f10x_flash.o
FLASH_GetBank1Status                              Libraries\STM32F10x_StdPeriph_Driver\src\stm32f10x_flash.o
FLASH_GetFlagStatus                               Libraries\STM32F10x_StdPeriph_Driver\src\stm32f10x_flash.o
FLASH_GetPrefetchBufferStatus                     Libraries\STM32F10x_StdPeriph_Driver\src\stm32f10x_flash.o
FLASH_GetReadOutProtectionStatus                  Libraries\STM32F10x_StdPeriph_Driver\src\stm32f10x_flash.o
FLASH_GetStatus                                   Libraries\STM32F10x_StdPeriph_Driver\src\stm32f10x_flash.o
FLASH_GetUserOptionByte                           Libraries\STM32F10x_StdPeriph_Driver\src\stm32f10x_flash.o
FLASH_GetWriteProtectionOptionByte                Libraries\STM32F10x_StdPeriph_Driver\src\stm32f10x_flash.o
FLASH_HalfCycleAccessCmd                          Libraries\STM32F10x_StdPeriph_Driver\src\stm32f10x_flash.o
FLASH_IRQHandler                                  src\startup_stm32f10x_md_vl.o
FLASH_ITConfig                                    Libraries\STM32F10x_StdPeriph_Driver\src\stm32f10x_flash.o
FLASH_Lock                                        Libraries\STM32F10x_StdPeriph_Driver\src\stm32f10x_flash.o
FLASH_LockBank1                                   Libraries\STM32F10x_StdPeriph_Driver\src\stm32f10x_flash.o
FLASH_PrefetchBufferCmd                           Libraries\STM32F10x_StdPeriph_Driver\src\stm32f10x_flash.o
FLASH_ProgramHalfWord                             Libraries\STM32F10x_StdPeriph_Driver\src\stm32f10x_flash.o
FLASH_ProgramOptionByteData                       Libraries\STM32F10x_StdPeriph_Driver\src\stm32f10x_flash.o
FLASH_ProgramWord                                 Libraries\STM32F10x_StdPeriph_Driver\src\stm32f10x_flash.o
FLASH_ReadOutProtection                           Libraries\STM32F10x_StdPeriph_Driver\src\stm32f10x_flash.o
FLASH_SetLatency                                  Libraries\STM32F10x_StdPeriph_Driver\src\stm32f10x_flash.o
FLASH_Unlock                                      Libraries\STM32F10x_StdPeriph_Driver\src\stm32f10x_flash.o
FLASH_UnlockBank1                                 Libraries\STM32F10x_StdPeriph_Driver\src\stm32f10x_flash.o
FLASH_UserOptionByteConfig                        Libraries\STM32F10x_StdPeriph_Driver\src\stm32f10x_flash.o
FLASH_WaitForLastBank1Operation                   Libraries\STM32F10x_StdPeriph_Driver\src\stm32f10x_flash.o
FLASH_WaitForLastOperation                        Libraries\STM32F10x_StdPeriph_Driver\src\stm32f10x_flash.o
FSMC_ClearFlag                                    Libraries\STM32F10x_StdPeriph_Driver\src\stm32f10x_fsmc.o
FSMC_ClearITPendingBit                            Libraries\STM32F10x_StdPeriph_Driver\src\stm32f10x_fsmc.o
FSMC_GetECC                                       Libraries\STM32F10x_StdPeriph_Driver\src\stm32f10x_fsmc.o
FSMC_GetFlagStatus                                Libraries\STM32F10x_StdPeriph_Driver\src\stm32f10x_fsmc.o
FSMC_GetITStatus                                  Libraries\STM32F10x_StdPeriph_Driver\src\stm32f10x_fsmc.o
FSMC_ITConfig                                     Libraries\STM32F10x_StdPeriph_Driver\src\stm32f10x_fsmc.o
FSMC_NANDCmd                                      Libraries\STM32F10x_StdPeriph_Driver\src\stm32f10x_fsmc.o
FSMC_NANDDeInit                                   Libraries\STM32F10x_StdPeriph_Driver\src\stm32f10x_fsmc.o
FSMC_NANDECCCmd                                   Libraries\STM32F10x_StdPeriph_Driver\src\stm32f10x_fsmc.o
FSMC_NANDInit                                     Libraries\STM32F10x_StdPeriph_Driver\src\stm32f10x_fsmc.o
FSMC_NANDStructInit                               Libraries\STM32F10x_StdPeriph_Driver\src\stm32f10x_fsmc.o
FSMC_NORSRAMCmd                                   Libraries\STM32F10x_StdPeriph_Driver\src\stm32f10x_fsmc.o
FSMC_NORSRAMDeInit                                Libraries\STM32F10x_StdPeriph_Driver\src\stm32f10x_fsmc.o
FSMC_NORSRAMInit                                  Libraries\STM32F10x_StdPeriph_Driver\src\stm32f10x_fsmc.o
FSMC_NORSRAMStructInit                            Libraries\STM32F10x_StdPeriph_Driver\src\stm32f10x_fsmc.o
FSMC_PCCARDCmd                                    Libraries\STM32F10x_StdPeriph_Driver\src\stm32f10x_fsmc.o
FSMC_PCCARDDeInit                                 Libraries\STM32F10x_StdPeriph_Driver\src\stm32f10x_fsmc.o
FSMC_PCCARDInit                                   Libraries\STM32F10x_StdPeriph_Driver\src\stm32f10x_fsmc.o
FSMC_PCCARDStructInit                             Libraries\STM32F10x_StdPeriph_Driver\src\stm32f10x_fsmc.o
GPIO_AFIODeInit                                   Libraries\STM32F10x_StdPeriph_Driver\src\stm32f10x_gpio.o
GPIO_DeInit                                       Libraries\STM32F10x_StdPeriph_Driver\src\stm32f10x_gpio.o
GPIO_ETH_MediaInterfaceConfig                     Libraries\STM32F10x_StdPeriph_Driver\src\stm32f10x_gpio.o
GPIO_EXTILineConfig                               Libraries\STM32F10x_StdPeriph_Driver\src\stm32f10x_gpio.o
GPIO_EventOutputCmd                               Libraries\STM32F10x_StdPeriph_Driver\src\stm32f10x_gpio.o
GPIO_EventOutputConfig                            Libraries\STM32F10x_StdPeriph_Driver\src\stm32f10x_gpio.o
GPIO_Init                                         Libraries\STM32F10x_StdPeriph_Driver\src\stm32f10x_gpio.o
                                                  src\uart_comm.o
                                                  src\timer_config.o
                                                  src\i2c_comm.o
                                                  src\debug.o
GPIO_PinLockConfig                                Libraries\STM32F10x_StdPeriph_Driver\src\stm32f10x_gpio.o
GPIO_PinRemapConfig                               Libraries\STM32F10x_StdPeriph_Driver\src\stm32f10x_gpio.o
GPIO_ReadInputData                                Libraries\STM32F10x_StdPeriph_Driver\src\stm32f10x_gpio.o
GPIO_ReadInputDataBit                             Libraries\STM32F10x_StdPeriph_Driver\src\stm32f10x_gpio.o
GPIO_ReadOutputData                               Libraries\STM32F10x_StdPeriph_Driver\src\stm32f10x_gpio.o
GPIO_ReadOutputDataBit                            Libraries\STM32F10x_StdPeriph_Driver\src\stm32f10x_gpio.o
GPIO_ResetBits                                    Libraries\STM32F10x_StdPeriph_Driver\src\stm32f10x_gpio.o
GPIO_SetBits                                      Libraries\STM32F10x_StdPeriph_Driver\src\stm32f10x_gpio.o
GPIO_StructInit                                   Libraries\STM32F10x_StdPeriph_Driver\src\stm32f10x_gpio.o
GPIO_Write                                        Libraries\STM32F10x_StdPeriph_Driver\src\stm32f10x_gpio.o
GPIO_WriteBit                                     Libraries\STM32F10x_StdPeriph_Driver\src\stm32f10x_gpio.o
HardFault_Handler                                 src\stm32f1xx_it.o
                                                  src\startup_stm32f10x_md_vl.o
I2C1_ER_IRQHandler                                src\startup_stm32f10x_md_vl.o
I2C1_EV_IRQHandler                                src\startup_stm32f10x_md_vl.o
I2C2_ER_IRQHandler                                src\startup_stm32f10x_md_vl.o
I2C2_EV_IRQHandler                                src\startup_stm32f10x_md_vl.o
I2C_ARPCmd                                        Libraries\STM32F10x_StdPeriph_Driver\src\stm32f10x_i2c.o
I2C_AcknowledgeConfig                             Libraries\STM32F10x_StdPeriph_Driver\src\stm32f10x_i2c.o
                                                  src\i2c_comm.o
I2C_CalculatePEC                                  Libraries\STM32F10x_StdPeriph_Driver\src\stm32f10x_i2c.o
I2C_CheckEvent                                    Libraries\STM32F10x_StdPeriph_Driver\src\stm32f10x_i2c.o
                                                  src\i2c_comm.o
I2C_ClearFlag                                     Libraries\STM32F10x_StdPeriph_Driver\src\stm32f10x_i2c.o
I2C_ClearITPendingBit                             Libraries\STM32F10x_StdPeriph_Driver\src\stm32f10x_i2c.o
I2C_Cmd                                           Libraries\STM32F10x_StdPeriph_Driver\src\stm32f10x_i2c.o
                                                  src\i2c_comm.o
I2C_DMACmd                                        Libraries\STM32F10x_StdPeriph_Driver\src\stm32f10x_i2c.o
I2C_DMALastTransferCmd                            Libraries\STM32F10x_StdPeriph_Driver\src\stm32f10x_i2c.o
I2C_DeInit                                        Libraries\STM32F10x_StdPeriph_Driver\src\stm32f10x_i2c.o
I2C_DualAddressCmd                                Libraries\STM32F10x_StdPeriph_Driver\src\stm32f10x_i2c.o
I2C_FastModeDutyCycleConfig                       Libraries\STM32F10x_StdPeriph_Driver\src\stm32f10x_i2c.o
I2C_GeneralCallCmd                                Libraries\STM32F10x_StdPeriph_Driver\src\stm32f10x_i2c.o
I2C_GenerateSTART                                 Libraries\STM32F10x_StdPeriph_Driver\src\stm32f10x_i2c.o
                                                  src\i2c_comm.o
I2C_GenerateSTOP                                  Libraries\STM32F10x_StdPeriph_Driver\src\stm32f10x_i2c.o
                                                  src\i2c_comm.o
I2C_GetFlagStatus                                 Libraries\STM32F10x_StdPeriph_Driver\src\stm32f10x_i2c.o
I2C_GetITStatus                                   Libraries\STM32F10x_StdPeriph_Driver\src\stm32f10x_i2c.o
I2C_GetLastEvent                                  Libraries\STM32F10x_StdPeriph_Driver\src\stm32f10x_i2c.o
I2C_GetPEC                                        Libraries\STM32F10x_StdPeriph_Driver\src\stm32f10x_i2c.o
I2C_ITConfig                                      Libraries\STM32F10x_StdPeriph_Driver\src\stm32f10x_i2c.o
I2C_Init                                          Libraries\STM32F10x_StdPeriph_Driver\src\stm32f10x_i2c.o
                                                  src\i2c_comm.o
I2C_LowLevel_Init                                 src\i2c_comm.o
                                                  src\main.o
I2C_NACKPositionConfig                            Libraries\STM32F10x_StdPeriph_Driver\src\stm32f10x_i2c.o
I2C_OwnAddress2Config                             Libraries\STM32F10x_StdPeriph_Driver\src\stm32f10x_i2c.o
I2C_PECPositionConfig                             Libraries\STM32F10x_StdPeriph_Driver\src\stm32f10x_i2c.o
I2C_ReadRegister                                  Libraries\STM32F10x_StdPeriph_Driver\src\stm32f10x_i2c.o
I2C_ReceiveData                                   Libraries\STM32F10x_StdPeriph_Driver\src\stm32f10x_i2c.o
                                                  src\i2c_comm.o
I2C_SMBusAlertConfig                              Libraries\STM32F10x_StdPeriph_Driver\src\stm32f10x_i2c.o
I2C_Send7bitAddress                               Libraries\STM32F10x_StdPeriph_Driver\src\stm32f10x_i2c.o
                                                  src\i2c_comm.o
I2C_SendData                                      Libraries\STM32F10x_StdPeriph_Driver\src\stm32f10x_i2c.o
                                                  src\i2c_comm.o
I2C_SoftwareResetCmd                              Libraries\STM32F10x_StdPeriph_Driver\src\stm32f10x_i2c.o
I2C_StretchClockCmd                               Libraries\STM32F10x_StdPeriph_Driver\src\stm32f10x_i2c.o
I2C_StructInit                                    Libraries\STM32F10x_StdPeriph_Driver\src\stm32f10x_i2c.o
I2C_TransmitPEC                                   Libraries\STM32F10x_StdPeriph_Driver\src\stm32f10x_i2c.o
I2S_Cmd                                           Libraries\STM32F10x_StdPeriph_Driver\src\stm32f10x_spi.o
I2S_Init                                          Libraries\STM32F10x_StdPeriph_Driver\src\stm32f10x_spi.o
I2S_StructInit                                    Libraries\STM32F10x_StdPeriph_Driver\src\stm32f10x_spi.o
IWDG_Enable                                       Libraries\STM32F10x_StdPeriph_Driver\src\stm32f10x_iwdg.o
IWDG_GetFlagStatus                                Libraries\STM32F10x_StdPeriph_Driver\src\stm32f10x_iwdg.o
IWDG_ReloadCounter                                Libraries\STM32F10x_StdPeriph_Driver\src\stm32f10x_iwdg.o
IWDG_SetPrescaler                                 Libraries\STM32F10x_StdPeriph_Driver\src\stm32f10x_iwdg.o
IWDG_SetReload                                    Libraries\STM32F10x_StdPeriph_Driver\src\stm32f10x_iwdg.o
IWDG_WriteAccessCmd                               Libraries\STM32F10x_StdPeriph_Driver\src\stm32f10x_iwdg.o
MadgwickAHRSupdate                                src\attitude_estimation\MadgwickAHRS.o
                                                  src\main.o
MadgwickAHRSupdateIMU                             src\attitude_estimation\MadgwickAHRS.o
Madgwick_computeAngles                            src\attitude_estimation\MadgwickAHRS.o
                                                  src\main.o
MemManage_Handler                                 src\stm32f1xx_it.o
                                                  src\startup_stm32f10x_md_vl.o
NMI_Handler                                       src\stm32f1xx_it.o
                                                  src\startup_stm32f10x_md_vl.o
NVIC_Init                                         Libraries\STM32F10x_StdPeriph_Driver\src\misc.o
                                                  src\timer_config.o
NVIC_PriorityGroupConfig                          Libraries\STM32F10x_StdPeriph_Driver\src\misc.o
NVIC_SetVectorTable                               Libraries\STM32F10x_StdPeriph_Driver\src\misc.o
NVIC_SystemLPConfig                               Libraries\STM32F10x_StdPeriph_Driver\src\misc.o
PVD_IRQHandler                                    src\startup_stm32f10x_md_vl.o
PWR_BackupAccessCmd                               Libraries\STM32F10x_StdPeriph_Driver\src\stm32f10x_pwr.o
PWR_ClearFlag                                     Libraries\STM32F10x_StdPeriph_Driver\src\stm32f10x_pwr.o
PWR_DeInit                                        Libraries\STM32F10x_StdPeriph_Driver\src\stm32f10x_pwr.o
PWR_EnterSTANDBYMode                              Libraries\STM32F10x_StdPeriph_Driver\src\stm32f10x_pwr.o
PWR_EnterSTOPMode                                 Libraries\STM32F10x_StdPeriph_Driver\src\stm32f10x_pwr.o
PWR_GetFlagStatus                                 Libraries\STM32F10x_StdPeriph_Driver\src\stm32f10x_pwr.o
PWR_PVDCmd                                        Libraries\STM32F10x_StdPeriph_Driver\src\stm32f10x_pwr.o
PWR_PVDLevelConfig                                Libraries\STM32F10x_StdPeriph_Driver\src\stm32f10x_pwr.o
PWR_WakeUpPinCmd                                  Libraries\STM32F10x_StdPeriph_Driver\src\stm32f10x_pwr.o
PendSV_Handler                                    FreeRTOS_Source\portable\GCC\ARM_CM3\port.o
RCC_ADCCLKConfig                                  Libraries\STM32F10x_StdPeriph_Driver\src\stm32f10x_rcc.o